[collect_expert] specs=5000 expert=idm kinematics=env.tracking.interpolate labels=['cutin_active', 'cutout_active', 'crowded', 'car_following', 'on_curve', 'merging', 'roundabout_near', 'near_intersection'] workers=8 recycle_every=150
INFO:env.metadrive_env:build_env: seed=1000 blocks=SSS density=0.051 lru=0 scenarios=[1000,1001)
INFO:env.metadrive_env:build_env: seed=1008 blocks=STC density=0.222 lru=0 scenarios=[1008,1009)
INFO:env.metadrive_env:build_env: seed=1001 blocks=CXS density=0.128 lru=0 scenarios=[1001,1002)
INFO:env.metadrive_env:build_env: seed=1016 blocks=CTS density=0.102 lru=0 scenarios=[1016,1017)
INFO:env.metadrive_env:build_env: seed=1009 blocks=SOS density=0.027 lru=0 scenarios=[1009,1010)
INFO:env.metadrive_env:build_env: seed=1024 blocks=SS$ density=0.052 lru=0 scenarios=[1024,1025)
INFO:env.metadrive_env:build_env: seed=1017 blocks=SSrS density=0.218 lru=0 scenarios=[1017,1018)
INFO:env.metadrive_env:build_env: seed=1002 blocks=SUC density=0.223 lru=0 scenarios=[1002,1003)
INFO:env.metadrive_env:build_env: seed=1032 blocks=SUC density=0.206 lru=0 scenarios=[1032,1033)
INFO:env.metadrive_env:build_env: seed=1010 blocks=CSr density=0.120 lru=0 scenarios=[1010,1011)
INFO:env.metadrive_env:build_env: seed=1003 blocks=SCS density=0.040 lru=0 scenarios=[1003,1004)
INFO:env.metadrive_env:build_env: seed=1040 blocks=SSY density=0.098 lru=0 scenarios=[1040,1041)
INFO:env.metadrive_env:build_env: seed=1011 blocks=SRS density=0.204 lru=0 scenarios=[1011,1012)
INFO:env.metadrive_env:build_env: seed=1018 blocks=SSS density=0.036 lru=0 scenarios=[1018,1019)
INFO:env.metadrive_env:build_env: seed=1048 blocks=SXS density=0.031 lru=0 scenarios=[1048,1049)
INFO:env.metadrive_env:build_env: seed=1056 blocks=STC density=0.173 lru=0 scenarios=[1056,1057)
INFO:env.metadrive_env:build_env: seed=1026 blocks=SUC density=0.163 lru=0 scenarios=[1026,1027)
INFO:env.metadrive_env:build_env: seed=1004 blocks=CTS density=0.105 lru=0 scenarios=[1004,1005)
INFO:env.metadrive_env:build_env: seed=1064 blocks=CSr density=0.095 lru=0 scenarios=[1064,1065)
INFO:env.metadrive_env:build_env: seed=1025 blocks=CSS density=0.093 lru=0 scenarios=[1025,1026)
INFO:env.metadrive_env:build_env: seed=1012 blocks=SS$ density=0.034 lru=0 scenarios=[1012,1013)
INFO:env.metadrive_env:build_env: seed=1019 blocks=CTS density=0.082 lru=0 scenarios=[1019,1020)
INFO:env.metadrive_env:build_env: seed=1020 blocks=CYS density=0.174 lru=0 scenarios=[1020,1021)
INFO:env.metadrive_env:build_env: seed=1005 blocks=SCSCS density=0.218 lru=0 scenarios=[1005,1006)
INFO:env.metadrive_env:build_env: seed=1034 blocks=CTS density=0.129 lru=0 scenarios=[1034,1035)
INFO:env.metadrive_env:build_env: seed=1072 blocks=SCS density=0.053 lru=0 scenarios=[1072,1073)
INFO:env.metadrive_env:build_env: seed=1033 blocks=SSr density=0.058 lru=0 scenarios=[1033,1034)
INFO:env.metadrive_env:build_env: seed=1027 blocks=SUS density=0.021 lru=0 scenarios=[1027,1028)
INFO:env.metadrive_env:build_env: seed=1042 blocks=STS density=0.030 lru=0 scenarios=[1042,1043)
INFO:env.metadrive_env:build_env: seed=1035 blocks=SUC density=0.251 lru=0 scenarios=[1035,1036)
INFO:env.metadrive_env:build_env: seed=1080 blocks=SyS density=0.256 lru=0 scenarios=[1080,1081)
INFO:env.metadrive_env:build_env: seed=1050 blocks=SRS density=0.199 lru=0 scenarios=[1050,1051)
INFO:env.metadrive_env:build_env: seed=1041 blocks=SCXRO density=0.050 lru=0 scenarios=[1041,1042)
INFO:env.metadrive_env:build_env: seed=1013 blocks=CS$ density=0.134 lru=0 scenarios=[1013,1014)
INFO:env.metadrive_env:build_env: seed=1058 blocks=CXS density=0.098 lru=0 scenarios=[1058,1059)
INFO:env.metadrive_env:build_env: seed=1088 blocks=SSY density=0.112 lru=0 scenarios=[1088,1089)
INFO:env.metadrive_env:build_env: seed=1006 blocks=SSr density=0.034 lru=0 scenarios=[1006,1007)
INFO:env.metadrive_env:build_env: seed=1096 blocks=SSr density=0.045 lru=0 scenarios=[1096,1097)
INFO:env.metadrive_env:build_env: seed=1043 blocks=CSy density=0.137 lru=0 scenarios=[1043,1044)
INFO:env.metadrive_env:build_env: seed=1049 blocks=CSC density=0.140 lru=0 scenarios=[1049,1050)
INFO:env.metadrive_env:build_env: seed=1104 blocks=SUC density=0.190 lru=0 scenarios=[1104,1105)
INFO:env.metadrive_env:build_env: seed=1028 blocks=CSr density=0.108 lru=0 scenarios=[1028,1029)
INFO:env.metadrive_env:build_env: seed=1014 blocks=SOC density=0.050 lru=0 scenarios=[1014,1015)
INFO:env.metadrive_env:build_env: seed=1021 blocks=STS density=0.041 lru=0 scenarios=[1021,1022)
INFO:env.metadrive_env:build_env: seed=1066 blocks=SCS density=0.056 lru=0 scenarios=[1066,1067)
INFO:env.metadrive_env:build_env: seed=1029 blocks=SyS density=0.233 lru=0 scenarios=[1029,1030)
[collect_expert] 1/5000 [w0] id=0 term=arrive_dest steps=295 cand=59 stored=59 trainable=47 (0.4s)
INFO:env.metadrive_env:build_env: seed=1007 blocks=CRS density=0.131 lru=0 scenarios=[1007,1008)
INFO:env.metadrive_env:build_env: seed=1051 blocks=SSy density=0.022 lru=0 scenarios=[1051,1052)
INFO:env.metadrive_env:build_env: seed=1074 blocks=STC density=0.257 lru=0 scenarios=[1074,1075)
[collect_expert] 2/5000 [w1] id=1 term=collision steps=189 cand=38 stored=38 trainable=23 (0.6s)
INFO:env.metadrive_env:build_env: seed=1057 blocks=SSy density=0.053 lru=0 scenarios=[1057,1058)
[collect_expert] 3/5000 [w2] id=2 term=collision steps=129 cand=26 stored=26 trainable=20 (0.6s)
[collect_expert] 4/5000 [w3] id=3 term=arrive_dest steps=432 cand=87 stored=87 trainable=55 (0.5s)
[collect_expert] 5/5000 [w4] id=4 term=arrive_dest steps=354 cand=71 stored=71 trainable=42 (0.8s)
[collect_expert] 6/5000 [w5] id=5 term=collision steps=238 cand=48 stored=48 trainable=30 (1.7s)
[collect_expert] 7/5000 [w6] id=6 term=arrive_dest steps=414 cand=83 stored=83 trainable=72 (1.2s)
[collect_expert] 8/5000 [w0] id=8 term=arrive_dest steps=353 cand=71 stored=71 trainable=42 (1.1s)
[collect_expert] 9/5000 [w1] id=9 term=arrive_dest steps=420 cand=84 stored=84 trainable=35 (0.4s)
[collect_expert] 10/5000 [w3] id=11 term=arrive_dest steps=485 cand=97 stored=97 trainable=82 (1.9s)
[collect_expert] 11/5000 [w2] id=10 term=arrive_dest steps=459 cand=92 stored=92 trainable=66 (1.2s)
[collect_expert] 12/5000 [w4] id=12 term=arrive_dest steps=315 cand=63 stored=63 trainable=51 (0.4s)
[collect_expert] 13/5000 [w5] id=13 term=arrive_dest steps=477 cand=96 stored=96 trainable=44 (1.6s)
[collect_expert] 14/5000 [w0] id=16 term=collision steps=204 cand=41 stored=41 trainable=25 (0.5s)
[collect_expert] 15/5000 [w1] id=17 term=max_step steps=600 cand=120 stored=120 trainable=91 (3.4s)
[collect_expert] 16/5000 [w3] id=19 term=arrive_dest steps=361 cand=73 stored=73 trainable=48 (0.6s)
[collect_expert] 17/5000 [w2] id=18 term=arrive_dest steps=315 cand=63 stored=63 trainable=57 (0.3s)
[collect_expert] 18/5000 [w5] id=21 term=arrive_dest steps=263 cand=53 stored=53 trainable=43 (0.3s)
[collect_expert] 19/5000 [w4] id=20 term=max_step steps=600 cand=120 stored=120 trainable=86 (3.4s)
[collect_expert] 20/5000 [w1] id=25 term=arrive_dest steps=438 cand=88 stored=88 trainable=68 (1.3s)
[collect_expert] 21/5000 [w3] id=27 term=arrive_dest steps=230 cand=46 stored=46 trainable=32 (0.2s)
[collect_expert] 22/5000 [w0] id=24 term=arrive_dest steps=325 cand=65 stored=65 trainable=54 (0.4s)
[collect_expert] 23/5000 [w2] id=26 term=arrive_dest steps=476 cand=96 stored=96 trainable=54 (1.8s)
[collect_expert] 24/5000 [w1] id=33 term=arrive_dest steps=433 cand=87 stored=87 trainable=70 (0.7s)
[collect_expert] 25/5000 [w3] id=35 term=arrive_dest steps=373 cand=75 stored=75 trainable=20 (1.7s)
[collect_expert] 26/5000 [w0] id=32 term=collision steps=219 cand=44 stored=44 trainable=36 (1.2s)
[collect_expert] 27/5000 [w2] id=34 term=out_of_road steps=221 cand=45 stored=45 trainable=23 (0.5s)
[collect_expert] 28/5000 [w3] id=43 term=collision steps=351 cand=71 stored=71 trainable=57 (1.8s)
[collect_expert] 29/5000 [w1] id=41 term=out_of_road steps=426 cand=86 stored=86 trainable=60 (1.4s)
[collect_expert] 30/5000 [w0] id=40 term=arrive_dest steps=316 cand=64 stored=64 trainable=56 (0.6s)
[collect_expert] 31/5000 [w2] id=42 term=arrive_dest steps=278 cand=56 stored=56 trainable=40 (0.3s)
[collect_expert] 32/5000 [w1] id=49 term=arrive_dest steps=482 cand=97 stored=97 trainable=53 (1.8s)
[collect_expert] 33/5000 [w0] id=48 term=arrive_dest steps=287 cand=58 stored=58 trainable=52 (0.3s)
[collect_expert] 34/5000 [w2] id=50 term=collision steps=171 cand=35 stored=35 trainable=29 (0.7s)
[collect_expert] 35/5000 [w0] id=56 term=collision steps=174 cand=35 stored=35 trainable=29 (0.6s)
[collect_expert] 36/5000 [w0] id=64 term=arrive_dest steps=435 cand=87 stored=87 trainable=72 (1.1s)
[collect_expert] 37/5000 [w2] id=58 term=arrive_dest steps=484 cand=97 stored=97 trainable=55 (1.6s)
[collect_expert] 38/5000 [w0] id=72 term=arrive_dest steps=407 cand=82 stored=82 trainable=53 (0.7s)
[collect_expert] 39/5000 [w2] id=66 term=arrive_dest steps=388 cand=78 stored=78 trainable=53 (0.8s)
[collect_expert] 40/5000 [w0] id=80 term=collision steps=375 cand=75 stored=75 trainable=65 (1.0s)
[collect_expert] 41/5000 [w0] id=88 term=arrive_dest steps=209 cand=42 stored=42 trainable=34 (0.4s)
[collect_expert] 42/5000 [w0] id=96 term=arrive_dest steps=382 cand=77 stored=77 trainable=71 (0.4s)
INFO:env.metadrive_env:build_env: seed=1059 blocks=S$S density=0.165 lru=0 scenarios=[1059,1060)
[collect_expert] 43/5000 [w3] id=51 term=arrive_dest steps=276 cand=56 stored=56 trainable=50 (0.3s)
INFO:env.metadrive_env:build_env: seed=1036 blocks=SSy density=0.037 lru=0 scenarios=[1036,1037)
[collect_expert] 44/5000 [w4] id=28 term=out_of_road steps=465 cand=93 stored=93 trainable=68 (1.8s)
INFO:env.metadrive_env:build_env: seed=1037 blocks=CSr density=0.085 lru=0 scenarios=[1037,1038)
[collect_expert] 45/5000 [w5] id=29 term=arrive_dest steps=485 cand=97 stored=97 trainable=80 (1.3s)
INFO:env.metadrive_env:build_env: seed=1067 blocks=SSY density=0.081 lru=0 scenarios=[1067,1068)
[collect_expert] 46/5000 [w3] id=59 term=arrive_dest steps=235 cand=47 stored=47 trainable=39 (0.6s)
INFO:env.metadrive_env:build_env: seed=1015 blocks=SSR density=0.024 lru=0 scenarios=[1015,1016)
INFO:env.metadrive_env:build_env: seed=1065 blocks=SRS density=0.267 lru=0 scenarios=[1065,1066)
[collect_expert] 47/5000 [w7] id=7 term=out_of_road steps=263 cand=53 stored=53 trainable=39 (1.0s)
[collect_expert] 48/5000 [w1] id=57 term=arrive_dest steps=282 cand=57 stored=57 trainable=51 (0.8s)
INFO:env.metadrive_env:build_env: seed=1022 blocks=SSY density=0.088 lru=0 scenarios=[1022,1023)
[collect_expert] 49/5000 [w6] id=14 term=arrive_dest steps=493 cand=99 stored=99 trainable=42 (2.1s)
INFO:env.metadrive_env:build_env: seed=1044 blocks=S$S density=0.256 lru=0 scenarios=[1044,1045)
[collect_expert] 50/5000 [w4] id=36 term=arrive_dest steps=336 cand=68 stored=68 trainable=58 (0.4s)
INFO:env.metadrive_env:build_env: seed=1112 blocks=CTS density=0.097 lru=0 scenarios=[1112,1113)
[collect_expert] 51/5000 [w0] id=104 term=arrive_dest steps=576 cand=116 stored=116 trainable=84 (2.9s)
INFO:env.metadrive_env:build_env: seed=1045 blocks=SSr density=0.057 lru=0 scenarios=[1045,1046)
[collect_expert] 52/5000 [w5] id=37 term=arrive_dest steps=396 cand=80 stored=80 trainable=65 (0.7s)
INFO:env.metadrive_env:build_env: seed=1075 blocks=SCS density=0.037 lru=0 scenarios=[1075,1076)
[collect_expert] 53/5000 [w3] id=67 term=arrive_dest steps=236 cand=48 stored=48 trainable=42 (0.4s)
INFO:env.metadrive_env:build_env: seed=1023 blocks=STC density=0.219 lru=0 scenarios=[1023,1024)
[collect_expert] 54/5000 [w7] id=15 term=arrive_dest steps=365 cand=73 stored=73 trainable=67 (0.8s)
INFO:env.metadrive_env:build_env: seed=1053 blocks=SCXRO density=0.050 lru=0 scenarios=[1053,1054)
[collect_expert] 55/5000 [w5] id=45 term=arrive_dest steps=396 cand=80 stored=80 trainable=74 (0.5s)
INFO:env.metadrive_env:build_env: seed=1083 blocks=SUC density=0.186 lru=0 scenarios=[1083,1084)
[collect_expert] 56/5000 [w3] id=75 term=arrive_dest steps=465 cand=93 stored=93 trainable=61 (0.6s)
INFO:env.metadrive_env:build_env: seed=1120 blocks=SSr density=0.044 lru=0 scenarios=[1120,1121)
[collect_expert] 57/5000 [w0] id=112 term=arrive_dest steps=366 cand=74 stored=74 trainable=56 (0.8s)
INFO:env.metadrive_env:build_env: seed=1082 blocks=CS$ density=0.091 lru=0 scenarios=[1082,1083)
[collect_expert] 58/5000 [w2] id=74 term=arrive_dest steps=444 cand=89 stored=89 trainable=49 (2.2s)
INFO:env.metadrive_env:build_env: seed=1030 blocks=SSS density=0.058 lru=0 scenarios=[1030,1031)
INFO:env.metadrive_env:build_env: seed=1052 blocks=CSC density=0.136 lru=0 scenarios=[1052,1053)
[collect_expert] 59/5000 [w6] id=22 term=arrive_dest steps=291 cand=59 stored=59 trainable=53 (1.0s)
[collect_expert] 60/5000 [w4] id=44 term=out_of_road steps=343 cand=69 stored=69 trainable=63 (1.2s)
INFO:env.metadrive_env:build_env: seed=1128 blocks=S$S density=0.169 lru=0 scenarios=[1128,1129)
INFO:env.metadrive_env:build_env: seed=1031 blocks=CRS density=0.122 lru=0 scenarios=[1031,1032)
[collect_expert] 61/5000 [w0] id=120 term=arrive_dest steps=354 cand=71 stored=71 trainable=60 (0.5s)
INFO:env.metadrive_env:build_env: seed=1061 blocks=CUS density=0.112 lru=0 scenarios=[1061,1062)
[collect_expert] 62/5000 [w7] id=23 term=collision steps=149 cand=30 stored=30 trainable=24 (0.8s)
[collect_expert] 63/5000 [w5] id=53 term=collision steps=241 cand=49 stored=49 trainable=38 (0.7s)
INFO:env.metadrive_env:build_env: seed=1060 blocks=SS$ density=0.030 lru=0 scenarios=[1060,1061)
[collect_expert] 64/5000 [w4] id=52 term=collision steps=246 cand=50 stored=50 trainable=27 (0.9s)
INFO:env.metadrive_env:build_env: seed=1038 blocks=SCXRO density=0.050 lru=0 scenarios=[1038,1039)
[collect_expert] 65/5000 [w6] id=30 term=arrive_dest steps=296 cand=60 stored=60 trainable=54 (0.9s)
INFO:env.metadrive_env:build_env: seed=1091 blocks=CXS density=0.102 lru=0 scenarios=[1091,1092)
[collect_expert] 66/5000 [w3] id=83 term=out_of_road steps=208 cand=42 stored=42 trainable=33 (1.2s)
INFO:env.metadrive_env:build_env: seed=1136 blocks=SSY density=0.082 lru=0 scenarios=[1136,1137)
[collect_expert] 67/5000 [w0] id=128 term=arrive_dest steps=262 cand=53 stored=53 trainable=45 (0.6s)
INFO:env.metadrive_env:build_env: seed=1068 blocks=SRS density=0.210 lru=0 scenarios=[1068,1069)
[collect_expert] 68/5000 [w4] id=60 term=arrive_dest steps=256 cand=52 stored=52 trainable=43 (0.2s)
INFO:env.metadrive_env:build_env: seed=1039 blocks=SYS density=0.047 lru=0 scenarios=[1039,1040)
[collect_expert] 69/5000 [w7] id=31 term=out_of_road steps=255 cand=51 stored=51 trainable=26 (1.0s)
INFO:env.metadrive_env:build_env: seed=1073 blocks=CRS density=0.099 lru=0 scenarios=[1073,1074)
INFO:env.metadrive_env:build_env: seed=1069 blocks=SSy density=0.058 lru=0 scenarios=[1069,1070)
[collect_expert] 70/5000 [w1] id=65 term=max_step steps=600 cand=120 stored=120 trainable=82 (3.1s)
[collect_expert] 71/5000 [w5] id=61 term=arrive_dest steps=386 cand=78 stored=78 trainable=46 (1.2s)
INFO:env.metadrive_env:build_env: seed=1144 blocks=SS$ density=0.040 lru=0 scenarios=[1144,1145)
[collect_expert] 72/5000 [w0] id=136 term=arrive_dest steps=277 cand=56 stored=56 trainable=50 (0.5s)
INFO:env.metadrive_env:build_env: seed=1047 blocks=STC density=0.169 lru=0 scenarios=[1047,1048)
[collect_expert] 73/5000 [w7] id=39 term=arrive_dest steps=228 cand=46 stored=46 trainable=40 (0.2s)
INFO:env.metadrive_env:build_env: seed=1090 blocks=SYS density=0.038 lru=0 scenarios=[1090,1091)
[collect_expert] 74/5000 [w2] id=82 term=arrive_dest steps=372 cand=75 stored=75 trainable=41 (1.9s)
INFO:env.metadrive_env:build_env: seed=1077 blocks=SrS density=0.241 lru=0 scenarios=[1077,1078)
[collect_expert] 75/5000 [w5] id=69 term=arrive_dest steps=259 cand=52 stored=52 trainable=44 (0.3s)
INFO:env.metadrive_env:build_env: seed=1152 blocks=SSSS density=0.228 lru=0 scenarios=[1152,1153)
[collect_expert] 76/5000 [w0] id=144 term=arrive_dest steps=230 cand=46 stored=46 trainable=33 (0.2s)
INFO:env.metadrive_env:build_env: seed=1099 blocks=SSR density=0.036 lru=0 scenarios=[1099,1100)
[collect_expert] 77/5000 [w3] id=91 term=arrive_dest steps=472 cand=95 stored=95 trainable=53 (1.6s)
INFO:env.metadrive_env:build_env: seed=1098 blocks=SUC density=0.181 lru=0 scenarios=[1098,1099)
[collect_expert] 78/5000 [w2] id=90 term=arrive_dest steps=277 cand=56 stored=56 trainable=50 (0.6s)
INFO:env.metadrive_env:build_env: seed=1081 blocks=SSr density=0.039 lru=0 scenarios=[1081,1082)
[collect_expert] 79/5000 [w1] id=73 term=out_of_road steps=211 cand=43 stored=43 trainable=30 (1.0s)
INFO:env.metadrive_env:build_env: seed=1046 blocks=CSr density=0.108 lru=0 scenarios=[1046,1047)
[collect_expert] 80/5000 [w6] id=38 term=out_of_road steps=408 cand=82 stored=82 trainable=63 (1.9s)
INFO:env.metadrive_env:build_env: seed=1055 blocks=CXS density=0.085 lru=0 scenarios=[1055,1056)
[collect_expert] 81/5000 [w7] id=47 term=arrive_dest steps=320 cand=64 stored=64 trainable=50 (1.1s)
INFO:env.metadrive_env:build_env: seed=1076 blocks=CXS density=0.101 lru=0 scenarios=[1076,1077)
[collect_expert] 82/5000 [w4] id=68 term=arrive_dest steps=476 cand=96 stored=96 trainable=73 (1.8s)
INFO:env.metadrive_env:build_env: seed=1107 blocks=SSSS density=0.239 lru=0 scenarios=[1107,1108)
[collect_expert] 83/5000 [w3] id=99 term=arrive_dest steps=358 cand=72 stored=72 trainable=66 (0.4s)
INFO:env.metadrive_env:build_env: seed=1089 blocks=CYS density=0.198 lru=0 scenarios=[1089,1090)
[collect_expert] 84/5000 [w1] id=81 term=arrive_dest steps=371 cand=75 stored=75 trainable=69 (0.7s)
INFO:env.metadrive_env:build_env: seed=1063 blocks=SSy density=0.028 lru=0 scenarios=[1063,1064)
[collect_expert] 85/5000 [w7] id=55 term=arrive_dest steps=297 cand=60 stored=60 trainable=35 (0.8s)
INFO:env.metadrive_env:build_env: seed=1115 blocks=CSy density=0.096 lru=0 scenarios=[1115,1116)
[collect_expert] 86/5000 [w3] id=107 term=collision steps=168 cand=34 stored=34 trainable=19 (0.7s)
INFO:env.metadrive_env:build_env: seed=1160 blocks=CSC density=0.107 lru=0 scenarios=[1160,1161)
[collect_expert] 87/5000 [w0] id=152 term=arrive_dest steps=507 cand=102 stored=102 trainable=77 (1.9s)
INFO:env.metadrive_env:build_env: seed=1084 blocks=SS$ density=0.046 lru=0 scenarios=[1084,1085)
INFO:env.metadrive_env:build_env: seed=1071 blocks=SRS density=0.173 lru=0 scenarios=[1071,1072)
[collect_expert] 88/5000 [w4] id=76 term=arrive_dest steps=372 cand=75 stored=75 trainable=57 (1.1s)
[collect_expert] 89/5000 [w7] id=63 term=arrive_dest steps=243 cand=49 stored=49 trainable=43 (0.2s)
INFO:env.metadrive_env:build_env: seed=1085 blocks=CS$ density=0.119 lru=0 scenarios=[1085,1086)
[collect_expert] 90/5000 [w5] id=77 term=collision steps=354 cand=71 stored=71 trainable=54 (2.2s)
INFO:env.metadrive_env:build_env: seed=1123 blocks=SSR density=0.031 lru=0 scenarios=[1123,1124)
[collect_expert] 91/5000 [w3] id=115 term=arrive_dest steps=342 cand=69 stored=69 trainable=47 (0.7s)
INFO:env.metadrive_env:build_env: seed=1092 blocks=SCSCS density=0.232 lru=0 scenarios=[1092,1093)
[collect_expert] 92/5000 [w4] id=84 term=out_of_road steps=168 cand=34 stored=34 trainable=28 (0.4s)
INFO:env.metadrive_env:build_env: seed=1054 blocks=SSr density=0.025 lru=0 scenarios=[1054,1055)
[collect_expert] 93/5000 [w6] id=46 term=arrive_dest steps=443 cand=89 stored=89 trainable=73 (1.9s)
INFO:env.metadrive_env:build_env: seed=1093 blocks=SSS density=0.034 lru=0 scenarios=[1093,1094)
[collect_expert] 94/5000 [w5] id=85 term=out_of_road steps=250 cand=50 stored=50 trainable=30 (0.6s)
INFO:env.metadrive_env:build_env: seed=1131 blocks=SRS density=0.273 lru=0 scenarios=[1131,1132)
[collect_expert] 95/5000 [w3] id=123 term=arrive_dest steps=331 cand=67 stored=67 trainable=61 (0.3s)
INFO:env.metadrive_env:build_env: seed=1168 blocks=SSy density=0.044 lru=0 scenarios=[1168,1169)
[collect_expert] 96/5000 [w0] id=160 term=arrive_dest steps=369 cand=74 stored=74 trainable=47 (1.1s)
INFO:env.metadrive_env:build_env: seed=1062 blocks=S$S density=0.174 lru=0 scenarios=[1062,1063)
[collect_expert] 97/5000 [w6] id=54 term=arrive_dest steps=371 cand=75 stored=75 trainable=69 (0.4s)
INFO:env.metadrive_env:build_env: seed=1101 blocks=SCXRO density=0.050 lru=0 scenarios=[1101,1102)
[collect_expert] 98/5000 [w5] id=93 term=arrive_dest steps=216 cand=44 stored=44 trainable=38 (0.2s)
INFO:env.metadrive_env:build_env: seed=1176 blocks=SXC density=0.254 lru=0 scenarios=[1176,1177)
[collect_expert] 99/5000 [w0] id=168 term=arrive_dest steps=252 cand=51 stored=51 trainable=45 (0.2s)
INFO:env.metadrive_env:build_env: seed=1106 blocks=CSS density=0.107 lru=0 scenarios=[1106,1107)
[collect_expert] 100/5000 [w2] id=98 term=arrive_dest steps=376 cand=76 stored=76 trainable=41 (2.8s)
INFO:env.metadrive_env:build_env: seed=1079 blocks=CUS density=0.112 lru=0 scenarios=[1079,1080)
INFO:env.metadrive_env:build_env: seed=1070 blocks=CSS density=0.101 lru=0 scenarios=[1070,1071)
[collect_expert] 101/5000 [w6] id=62 term=out_of_road steps=185 cand=37 stored=37 trainable=27 (0.6s)
[collect_expert] 102/5000 [w7] id=71 term=max_step steps=600 cand=120 stored=120 trainable=109 (1.8s)
INFO:env.metadrive_env:build_env: seed=1184 blocks=COS density=0.050 lru=0 scenarios=[1184,1185)
[collect_expert] 103/5000 [w0] id=176 term=collision steps=152 cand=31 stored=31 trainable=24 (0.8s)
INFO:env.metadrive_env:build_env: seed=1097 blocks=COS density=0.050 lru=0 scenarios=[1097,1098)
[collect_expert] 104/5000 [w1] id=89 term=collision steps=448 cand=90 stored=90 trainable=42 (2.9s)
INFO:env.metadrive_env:build_env: seed=1078 blocks=SSr density=0.024 lru=0 scenarios=[1078,1079)
[collect_expert] 105/5000 [w6] id=70 term=arrive_dest steps=496 cand=100 stored=100 trainable=73 (1.4s)
INFO:env.metadrive_env:build_env: seed=1192 blocks=SSy density=0.050 lru=0 scenarios=[1192,1193)
INFO:env.metadrive_env:build_env: seed=1109 blocks=CSy density=0.103 lru=0 scenarios=[1109,1110)
[collect_expert] 106/5000 [w0] id=184 term=arrive_dest steps=494 cand=99 stored=99 trainable=43 (1.0s)
[collect_expert] 107/5000 [w5] id=101 term=max_step steps=600 cand=120 stored=120 trainable=90 (2.2s)
INFO:env.metadrive_env:build_env: seed=1105 blocks=SCS density=0.051 lru=0 scenarios=[1105,1106)
[collect_expert] 108/5000 [w1] id=97 term=out_of_road steps=396 cand=80 stored=80 trainable=35 (1.0s)
INFO:env.metadrive_env:build_env: seed=1100 blocks=CUS density=0.139 lru=0 scenarios=[1100,1101)
[collect_expert] 109/5000 [w4] id=92 term=out_of_road steps=262 cand=53 stored=53 trainable=35 (3.0s)
INFO:env.metadrive_env:build_env: seed=1087 blocks=SSy density=0.028 lru=0 scenarios=[1087,1088)
[collect_expert] 110/5000 [w7] id=79 term=arrive_dest steps=458 cand=92 stored=92 trainable=49 (1.7s)
INFO:env.metadrive_env:build_env: seed=1139 blocks=CRS density=0.134 lru=0 scenarios=[1139,1140)
[collect_expert] 111/5000 [w3] id=131 term=collision steps=396 cand=80 stored=80 trainable=54 (2.6s)
INFO:env.metadrive_env:build_env: seed=1200 blocks=SyS density=0.275 lru=0 scenarios=[1200,1201)
[collect_expert] 112/5000 [w0] id=192 term=arrive_dest steps=283 cand=57 stored=57 trainable=48 (0.3s)
INFO:env.metadrive_env:build_env: seed=1113 blocks=SUC density=0.163 lru=0 scenarios=[1113,1114)
[collect_expert] 113/5000 [w1] id=105 term=arrive_dest steps=296 cand=60 stored=60 trainable=47 (0.3s)
INFO:env.metadrive_env:build_env: seed=1095 blocks=SRS density=0.186 lru=0 scenarios=[1095,1096)
INFO:env.metadrive_env:build_env: seed=1086 blocks=CYS density=0.270 lru=0 scenarios=[1086,1087)
[collect_expert] 114/5000 [w7] id=87 term=arrive_dest steps=247 cand=50 stored=50 trainable=44 (0.2s)
[collect_expert] 115/5000 [w6] id=78 term=arrive_dest steps=396 cand=80 stored=80 trainable=74 (0.5s)
INFO:env.metadrive_env:build_env: seed=1114 blocks=SSy density=0.041 lru=0 scenarios=[1114,1115)
[collect_expert] 116/5000 [w2] id=106 term=arrive_dest steps=445 cand=89 stored=89 trainable=58 (2.8s)
INFO:env.metadrive_env:build_env: seed=1108 blocks=SCS density=0.030 lru=0 scenarios=[1108,1109)
[collect_expert] 117/5000 [w4] id=100 term=collision steps=169 cand=34 stored=34 trainable=22 (0.8s)
INFO:env.metadrive_env:build_env: seed=1117 blocks=SSy density=0.038 lru=0 scenarios=[1117,1118)
[collect_expert] 118/5000 [w5] id=109 term=arrive_dest steps=391 cand=79 stored=79 trainable=47 (1.0s)
INFO:env.metadrive_env:build_env: seed=1208 blocks=CTS density=0.082 lru=0 scenarios=[1208,1209)
[collect_expert] 119/5000 [w0] id=200 term=arrive_dest steps=359 cand=72 stored=72 trainable=51 (0.9s)
INFO:env.metadrive_env:build_env: seed=1147 blocks=SOS density=0.050 lru=0 scenarios=[1147,1148)
[collect_expert] 120/5000 [w3] id=139 term=out_of_road steps=320 cand=64 stored=64 trainable=47 (1.3s)
INFO:env.metadrive_env:build_env: seed=1122 blocks=SrS density=0.216 lru=0 scenarios=[1122,1123)
[collect_expert] 121/5000 [w2] id=114 term=arrive_dest steps=248 cand=50 stored=50 trainable=44 (0.5s)
INFO:env.metadrive_env:build_env: seed=1116 blocks=SyS density=0.257 lru=0 scenarios=[1116,1117)
[collect_expert] 122/5000 [w4] id=108 term=arrive_dest steps=429 cand=86 stored=86 trainable=54 (0.7s)
INFO:env.metadrive_env:build_env: seed=1121 blocks=CTS density=0.117 lru=0 scenarios=[1121,1122)
[collect_expert] 123/5000 [w1] id=113 term=arrive_dest steps=376 cand=76 stored=76 trainable=56 (1.3s)
INFO:env.metadrive_env:build_env: seed=1103 blocks=CUS density=0.104 lru=0 scenarios=[1103,1104)
[collect_expert] 124/5000 [w7] id=95 term=arrive_dest steps=375 cand=75 stored=75 trainable=65 (1.3s)
INFO:env.metadrive_env:build_env: seed=1125 blocks=STC density=0.178 lru=0 scenarios=[1125,1126)
[collect_expert] 125/5000 [w5] id=117 term=arrive_dest steps=288 cand=58 stored=58 trainable=48 (0.7s)
INFO:env.metadrive_env:build_env: seed=1216 blocks=SXS density=0.041 lru=0 scenarios=[1216,1217)
[collect_expert] 126/5000 [w0] id=208 term=arrive_dest steps=295 cand=59 stored=59 trainable=32 (0.6s)
INFO:env.metadrive_env:build_env: seed=1155 blocks=SCXRO density=0.050 lru=0 scenarios=[1155,1156)
[collect_expert] 127/5000 [w3] id=147 term=arrive_dest steps=398 cand=80 stored=80 trainable=35 (0.7s)
INFO:env.metadrive_env:build_env: seed=1224 blocks=SyS density=0.172 lru=0 scenarios=[1224,1225)
[collect_expert] 128/5000 [w0] id=216 term=arrive_dest steps=288 cand=58 stored=58 trainable=42 (0.4s)
INFO:env.metadrive_env:build_env: seed=1163 blocks=CS$ density=0.084 lru=0 scenarios=[1163,1164)
[collect_expert] 129/5000 [w3] id=155 term=out_of_road steps=308 cand=62 stored=62 trainable=37 (0.8s)
INFO:env.metadrive_env:build_env: seed=1232 blocks=CSS density=0.115 lru=0 scenarios=[1232,1233)
[collect_expert] 130/5000 [w0] id=224 term=arrive_dest steps=347 cand=70 stored=70 trainable=60 (0.7s)
INFO:env.metadrive_env:build_env: seed=1111 blocks=STS density=0.029 lru=0 scenarios=[1111,1112)
[collect_expert] 131/5000 [w7] id=103 term=arrive_dest steps=480 cand=96 stored=96 trainable=55 (1.6s)
INFO:env.metadrive_env:build_env: seed=1129 blocks=SYS density=0.055 lru=0 scenarios=[1129,1130)
[collect_expert] 132/5000 [w1] id=121 term=arrive_dest steps=494 cand=99 stored=99 trainable=55 (1.8s)
INFO:env.metadrive_env:build_env: seed=1171 blocks=SSS density=0.049 lru=0 scenarios=[1171,1172)
[collect_expert] 133/5000 [w3] id=163 term=arrive_dest steps=287 cand=58 stored=58 trainable=42 (0.4s)
INFO:env.metadrive_env:build_env: seed=1119 blocks=STC density=0.167 lru=0 scenarios=[1119,1120)
[collect_expert] 134/5000 [w7] id=111 term=arrive_dest steps=310 cand=62 stored=62 trainable=46 (0.3s)
INFO:env.metadrive_env:build_env: seed=1124 blocks=COS density=0.050 lru=0 scenarios=[1124,1125)
INFO:env.metadrive_env:build_env: seed=1179 blocks=SRS density=0.228 lru=0 scenarios=[1179,1180)
[collect_expert] 135/5000 [w4] id=116 term=max_step steps=600 cand=120 stored=120 trainable=109 (2.4s)
[collect_expert] 136/5000 [w3] id=171 term=arrive_dest steps=258 cand=52 stored=52 trainable=46 (0.2s)
INFO:env.metadrive_env:build_env: seed=1137 blocks=SyS density=0.208 lru=0 scenarios=[1137,1138)
[collect_expert] 137/5000 [w1] id=129 term=arrive_dest steps=294 cand=59 stored=59 trainable=53 (0.4s)
INFO:env.metadrive_env:build_env: seed=1133 blocks=COS density=0.050 lru=0 scenarios=[1133,1134)
[collect_expert] 138/5000 [w5] id=125 term=arrive_dest steps=460 cand=92 stored=92 trainable=75 (2.5s)
INFO:env.metadrive_env:build_env: seed=1127 blocks=SSY density=0.110 lru=0 scenarios=[1127,1128)
[collect_expert] 139/5000 [w7] id=119 term=arrive_dest steps=381 cand=77 stored=77 trainable=49 (1.0s)
INFO:env.metadrive_env:build_env: seed=1240 blocks=SS$ density=0.046 lru=0 scenarios=[1240,1241)
[collect_expert] 140/5000 [w0] id=232 term=arrive_dest steps=471 cand=95 stored=95 trainable=82 (1.6s)
INFO:env.metadrive_env:build_env: seed=1132 blocks=SXS density=0.042 lru=0 scenarios=[1132,1133)
[collect_expert] 141/5000 [w4] id=124 term=arrive_dest steps=492 cand=99 stored=99 trainable=44 (1.0s)
INFO:env.metadrive_env:build_env: seed=1145 blocks=CUS density=0.092 lru=0 scenarios=[1145,1146)
[collect_expert] 142/5000 [w1] id=137 term=arrive_dest steps=461 cand=93 stored=93 trainable=87 (1.2s)
INFO:env.metadrive_env:build_env: seed=1248 blocks=STC density=0.228 lru=0 scenarios=[1248,1249)
[collect_expert] 143/5000 [w0] id=240 term=arrive_dest steps=256 cand=52 stored=52 trainable=44 (0.3s)
INFO:env.metadrive_env:build_env: seed=1140 blocks=S$S density=0.273 lru=0 scenarios=[1140,1141)
[collect_expert] 144/5000 [w4] id=132 term=arrive_dest steps=285 cand=57 stored=57 trainable=41 (0.4s)
INFO:env.metadrive_env:build_env: seed=1135 blocks=SYS density=0.042 lru=0 scenarios=[1135,1136)
[collect_expert] 145/5000 [w7] id=127 term=arrive_dest steps=308 cand=62 stored=62 trainable=54 (0.7s)
INFO:env.metadrive_env:build_env: seed=1130 blocks=CSy density=0.113 lru=0 scenarios=[1130,1131)
INFO:env.metadrive_env:build_env: seed=1141 blocks=SCS density=0.036 lru=0 scenarios=[1141,1142)
[collect_expert] 146/5000 [w5] id=133 term=out_of_road steps=235 cand=47 stored=47 trainable=24 (1.2s)
[collect_expert] 147/5000 [w2] id=122 term=collision steps=367 cand=74 stored=74 trainable=49 (4.2s)
INFO:env.metadrive_env:build_env: seed=1143 blocks=SrS density=0.240 lru=0 scenarios=[1143,1144)
[collect_expert] 148/5000 [w7] id=135 term=arrive_dest steps=217 cand=44 stored=44 trainable=38 (0.2s)
INFO:env.metadrive_env:build_env: seed=1187 blocks=CXS density=0.124 lru=0 scenarios=[1187,1188)
[collect_expert] 149/5000 [w3] id=179 term=collision steps=357 cand=72 stored=72 trainable=57 (2.1s)
INFO:env.metadrive_env:build_env: seed=1149 blocks=SCSCS density=0.229 lru=0 scenarios=[1149,1150)
[collect_expert] 150/5000 [w5] id=141 term=arrive_dest steps=396 cand=80 stored=80 trainable=50 (0.5s)
INFO:env.metadrive_env:build_env: seed=1151 blocks=CSr density=0.088 lru=0 scenarios=[1151,1152)
[collect_expert] 151/5000 [w7] id=143 term=collision steps=112 cand=23 stored=23 trainable=17 (0.7s)
INFO:env.metadrive_env:build_env: seed=1153 blocks=SS$ density=0.023 lru=0 scenarios=[1153,1154)
[collect_expert] 152/5000 [w1] id=145 term=arrive_dest steps=432 cand=87 stored=87 trainable=51 (1.3s)
INFO:env.metadrive_env:build_env: seed=1195 blocks=SUS density=0.032 lru=0 scenarios=[1195,1196)
[collect_expert] 153/5000 [w3] id=187 term=arrive_dest steps=335 cand=67 stored=67 trainable=40 (1.0s)
INFO:env.metadrive_env:build_env: seed=1161 blocks=SCSCS density=0.276 lru=0 scenarios=[1161,1162)
[collect_expert] 154/5000 [w1] id=153 term=out_of_road steps=202 cand=41 stored=41 trainable=35 (0.4s)
INFO:env.metadrive_env:build_env: seed=1203 blocks=STC density=0.258 lru=0 scenarios=[1203,1204)
[collect_expert] 155/5000 [w3] id=195 term=arrive_dest steps=223 cand=45 stored=45 trainable=31 (0.2s)
INFO:env.metadrive_env:build_env: seed=1256 blocks=COS density=0.050 lru=0 scenarios=[1256,1257)
[collect_expert] 156/5000 [w0] id=248 term=arrive_dest steps=428 cand=86 stored=86 trainable=61 (2.2s)
INFO:env.metadrive_env:build_env: seed=1094 blocks=SSY density=0.113 lru=0 scenarios=[1094,1095)
[collect_expert] 157/5000 [w6] id=86 term=max_step steps=600 cand=120 stored=120 trainable=93 (7.7s)
INFO:env.metadrive_env:build_env: seed=1159 blocks=SSR density=0.028 lru=0 scenarios=[1159,1160)
[collect_expert] 158/5000 [w7] id=151 term=out_of_road steps=410 cand=82 stored=82 trainable=56 (1.1s)
INFO:env.metadrive_env:build_env: seed=1148 blocks=COS density=0.050 lru=0 scenarios=[1148,1149)
[collect_expert] 159/5000 [w4] id=140 term=max_step steps=600 cand=120 stored=120 trainable=99 (2.4s)
INFO:env.metadrive_env:build_env: seed=1138 blocks=STS density=0.032 lru=0 scenarios=[1138,1139)
[collect_expert] 160/5000 [w2] id=130 term=arrive_dest steps=446 cand=90 stored=90 trainable=47 (2.2s)
INFO:env.metadrive_env:build_env: seed=1167 blocks=SSSS density=0.257 lru=0 scenarios=[1167,1168)
[collect_expert] 161/5000 [w7] id=159 term=arrive_dest steps=355 cand=71 stored=71 trainable=65 (0.3s)
INFO:env.metadrive_env:build_env: seed=1102 blocks=SXS density=0.049 lru=0 scenarios=[1102,1103)
[collect_expert] 162/5000 [w6] id=94 term=arrive_dest steps=286 cand=58 stored=58 trainable=52 (0.6s)
INFO:env.metadrive_env:build_env: seed=1264 blocks=SSy density=0.025 lru=0 scenarios=[1264,1265)
[collect_expert] 163/5000 [w0] id=256 term=arrive_dest steps=414 cand=83 stored=83 trainable=38 (0.9s)
INFO:env.metadrive_env:build_env: seed=1110 blocks=SUC density=0.217 lru=0 scenarios=[1110,1111)
[collect_expert] 164/5000 [w6] id=102 term=arrive_dest steps=289 cand=58 stored=58 trainable=52 (0.4s)
INFO:env.metadrive_env:build_env: seed=1156 blocks=SSr density=0.044 lru=0 scenarios=[1156,1157)
[collect_expert] 165/5000 [w4] id=148 term=arrive_dest steps=429 cand=86 stored=86 trainable=43 (1.0s)
INFO:env.metadrive_env:build_env: seed=1272 blocks=SXC density=0.187 lru=0 scenarios=[1272,1273)
[collect_expert] 166/5000 [w0] id=264 term=arrive_dest steps=246 cand=50 stored=50 trainable=44 (0.3s)
INFO:env.metadrive_env:build_env: seed=1146 blocks=CYS density=0.246 lru=0 scenarios=[1146,1147)
[collect_expert] 167/5000 [w2] id=138 term=arrive_dest steps=290 cand=58 stored=58 trainable=37 (0.8s)
INFO:env.metadrive_env:build_env: seed=1211 blocks=CSy density=0.098 lru=0 scenarios=[1211,1212)
[collect_expert] 168/5000 [w3] id=203 term=collision steps=314 cand=63 stored=63 trainable=42 (1.8s)
INFO:env.metadrive_env:build_env: seed=1164 blocks=CYS density=0.180 lru=0 scenarios=[1164,1165)
[collect_expert] 169/5000 [w4] id=156 term=arrive_dest steps=379 cand=76 stored=76 trainable=63 (0.6s)
INFO:env.metadrive_env:build_env: seed=1219 blocks=SOS density=0.050 lru=0 scenarios=[1219,1220)
[collect_expert] 170/5000 [w3] id=211 term=arrive_dest steps=268 cand=54 stored=54 trainable=41 (0.5s)
INFO:env.metadrive_env:build_env: seed=1118 blocks=CTS density=0.094 lru=0 scenarios=[1118,1119)
[collect_expert] 171/5000 [w6] id=110 term=collision steps=212 cand=43 stored=43 trainable=30 (1.3s)
INFO:env.metadrive_env:build_env: seed=1227 blocks=SUC density=0.234 lru=0 scenarios=[1227,1228)
[collect_expert] 172/5000 [w3] id=219 term=arrive_dest steps=296 cand=60 stored=60 trainable=37 (0.5s)
INFO:env.metadrive_env:build_env: seed=1280 blocks=CXS density=0.133 lru=0 scenarios=[1280,1281)
[collect_expert] 173/5000 [w0] id=272 term=arrive_dest steps=452 cand=91 stored=91 trainable=49 (2.0s)
INFO:env.metadrive_env:build_env: seed=1172 blocks=CSC density=0.113 lru=0 scenarios=[1172,1173)
[collect_expert] 174/5000 [w4] id=164 term=collision steps=320 cand=64 stored=64 trainable=40 (1.4s)
INFO:env.metadrive_env:build_env: seed=1175 blocks=COS density=0.050 lru=0 scenarios=[1175,1176)
[collect_expert] 175/5000 [w7] id=167 term=max_step steps=600 cand=120 stored=120 trainable=94 (3.0s)
INFO:env.metadrive_env:build_env: seed=1157 blocks=CSr density=0.114 lru=0 scenarios=[1157,1158)
[collect_expert] 176/5000 [w5] id=149 term=max_step steps=600 cand=120 stored=120 trainable=101 (5.5s)
INFO:env.metadrive_env:build_env: seed=1126 blocks=SSR density=0.031 lru=0 scenarios=[1126,1127)
[collect_expert] 177/5000 [w6] id=118 term=arrive_dest steps=472 cand=95 stored=95 trainable=51 (1.5s)
INFO:env.metadrive_env:build_env: seed=1235 blocks=CTS density=0.135 lru=0 scenarios=[1235,1236)
[collect_expert] 178/5000 [w3] id=227 term=arrive_dest steps=311 cand=63 stored=63 trainable=38 (1.4s)
INFO:env.metadrive_env:build_env: seed=1183 blocks=STS density=0.035 lru=0 scenarios=[1183,1184)
[collect_expert] 179/5000 [w7] id=175 term=arrive_dest steps=361 cand=73 stored=73 trainable=32 (0.9s)
INFO:env.metadrive_env:build_env: seed=1134 blocks=SXC density=0.279 lru=0 scenarios=[1134,1135)
[collect_expert] 180/5000 [w6] id=126 term=arrive_dest steps=345 cand=69 stored=69 trainable=63 (0.5s)
INFO:env.metadrive_env:build_env: seed=1191 blocks=SCXRO density=0.050 lru=0 scenarios=[1191,1192)
[collect_expert] 181/5000 [w7] id=183 term=arrive_dest steps=238 cand=48 stored=48 trainable=33 (0.2s)
INFO:env.metadrive_env:build_env: seed=1165 blocks=SCS density=0.053 lru=0 scenarios=[1165,1166)
[collect_expert] 182/5000 [w5] id=157 term=arrive_dest steps=409 cand=82 stored=82 trainable=66 (1.2s)
INFO:env.metadrive_env:build_env: seed=1180 blocks=SOS density=0.035 lru=0 scenarios=[1180,1181)
INFO:env.metadrive_env:build_env: seed=1142 blocks=CS$ density=0.084 lru=0 scenarios=[1142,1143)
[collect_expert] 183/5000 [w4] id=172 term=arrive_dest steps=488 cand=98 stored=98 trainable=63 (2.1s)
[collect_expert] 184/5000 [w6] id=134 term=collision steps=167 cand=34 stored=34 trainable=24 (0.9s)
INFO:env.metadrive_env:build_env: seed=1173 blocks=SCSC density=0.210 lru=0 scenarios=[1173,1174)
[collect_expert] 185/5000 [w5] id=165 term=arrive_dest steps=289 cand=58 stored=58 trainable=41 (0.3s)
INFO:env.metadrive_env:build_env: seed=1288 blocks=SYS density=0.054 lru=0 scenarios=[1288,1289)
[collect_expert] 186/5000 [w0] id=280 term=arrive_dest steps=496 cand=100 stored=100 trainable=69 (2.3s)
INFO:env.metadrive_env:build_env: seed=1243 blocks=STS density=0.049 lru=0 scenarios=[1243,1244)
[collect_expert] 187/5000 [w3] id=235 term=out_of_road steps=365 cand=73 stored=73 trainable=35 (1.8s)
INFO:env.metadrive_env:build_env: seed=1296 blocks=SCXRO density=0.050 lru=0 scenarios=[1296,1297)
[collect_expert] 188/5000 [w0] id=288 term=arrive_dest steps=230 cand=46 stored=46 trainable=40 (0.3s)
INFO:env.metadrive_env:build_env: seed=1188 blocks=SOC density=0.050 lru=0 scenarios=[1188,1189)
[collect_expert] 189/5000 [w4] id=180 term=arrive_dest steps=353 cand=71 stored=71 trainable=49 (0.7s)
INFO:env.metadrive_env:build_env: seed=1150 blocks=SSS density=0.026 lru=0 scenarios=[1150,1151)
[collect_expert] 190/5000 [w6] id=142 term=out_of_road steps=305 cand=61 stored=61 trainable=30 (0.8s)
INFO:env.metadrive_env:build_env: seed=1251 blocks=SrS density=0.244 lru=0 scenarios=[1251,1252)
[collect_expert] 191/5000 [w3] id=243 term=arrive_dest steps=294 cand=59 stored=59 trainable=45 (0.4s)
INFO:env.metadrive_env:build_env: seed=1158 blocks=CYS density=0.251 lru=0 scenarios=[1158,1159)
[collect_expert] 192/5000 [w6] id=150 term=arrive_dest steps=262 cand=53 stored=53 trainable=43 (0.3s)
INFO:env.metadrive_env:build_env: seed=1199 blocks=CSy density=0.136 lru=0 scenarios=[1199,1200)
[collect_expert] 193/5000 [w7] id=191 term=max_step steps=600 cand=120 stored=120 trainable=74 (2.2s)
INFO:env.metadrive_env:build_env: seed=1304 blocks=CSC density=0.104 lru=0 scenarios=[1304,1305)
[collect_expert] 194/5000 [w0] id=296 term=collision steps=171 cand=35 stored=35 trainable=23 (1.2s)
INFO:env.metadrive_env:build_env: seed=1207 blocks=STS density=0.049 lru=0 scenarios=[1207,1208)
[collect_expert] 195/5000 [w7] id=199 term=arrive_dest steps=334 cand=67 stored=67 trainable=43 (0.7s)
INFO:env.metadrive_env:build_env: seed=1196 blocks=CS$ density=0.090 lru=0 scenarios=[1196,1197)
[collect_expert] 196/5000 [w4] id=188 term=arrive_dest steps=522 cand=105 stored=105 trainable=51 (1.6s)
INFO:env.metadrive_env:build_env: seed=1169 blocks=CTS density=0.131 lru=0 scenarios=[1169,1170)
[collect_expert] 197/5000 [w1] id=161 term=max_step steps=600 cand=120 stored=120 trainable=94 (8.9s)
INFO:env.metadrive_env:build_env: seed=1215 blocks=SCXRO density=0.050 lru=0 scenarios=[1215,1216)
[collect_expert] 198/5000 [w7] id=207 term=arrive_dest steps=280 cand=56 stored=56 trainable=50 (0.3s)
INFO:env.metadrive_env:build_env: seed=1181 blocks=CRS density=0.102 lru=0 scenarios=[1181,1182)
[collect_expert] 199/5000 [w5] id=173 term=max_step steps=600 cand=120 stored=120 trainable=84 (2.7s)
INFO:env.metadrive_env:build_env: seed=1177 blocks=SSS density=0.036 lru=0 scenarios=[1177,1178)
[collect_expert] 200/5000 [w1] id=169 term=collision steps=200 cand=40 stored=40 trainable=21 (0.5s)
INFO:env.metadrive_env:build_env: seed=1185 blocks=STC density=0.191 lru=0 scenarios=[1185,1186)
[collect_expert] 201/5000 [w1] id=177 term=arrive_dest steps=283 cand=57 stored=57 trainable=51 (0.3s)
INFO:env.metadrive_env:build_env: seed=1223 blocks=COS density=0.050 lru=0 scenarios=[1223,1224)
[collect_expert] 202/5000 [w7] id=215 term=out_of_road steps=329 cand=66 stored=66 trainable=40 (0.9s)
INFO:env.metadrive_env:build_env: seed=1312 blocks=SS$ density=0.042 lru=0 scenarios=[1312,1313)
[collect_expert] 203/5000 [w0] id=304 term=arrive_dest steps=415 cand=83 stored=83 trainable=45 (1.5s)
INFO:env.metadrive_env:build_env: seed=1189 blocks=SOS density=0.043 lru=0 scenarios=[1189,1190)
[collect_expert] 204/5000 [w5] id=181 term=out_of_road steps=322 cand=65 stored=65 trainable=46 (1.3s)
INFO:env.metadrive_env:build_env: seed=1259 blocks=SSY density=0.103 lru=0 scenarios=[1259,1260)
[collect_expert] 205/5000 [w3] id=251 term=max_step steps=600 cand=120 stored=120 trainable=82 (3.3s)
INFO:env.metadrive_env:build_env: seed=1204 blocks=SCS density=0.035 lru=0 scenarios=[1204,1205)
[collect_expert] 206/5000 [w4] id=196 term=arrive_dest steps=505 cand=101 stored=101 trainable=69 (1.8s)
INFO:env.metadrive_env:build_env: seed=1197 blocks=SOC density=0.050 lru=0 scenarios=[1197,1198)
[collect_expert] 207/5000 [w5] id=189 term=arrive_dest steps=322 cand=65 stored=65 trainable=41 (0.5s)
INFO:env.metadrive_env:build_env: seed=1320 blocks=SRS density=0.178 lru=0 scenarios=[1320,1321)
[collect_expert] 208/5000 [w0] id=312 term=arrive_dest steps=297 cand=60 stored=60 trainable=43 (0.8s)
INFO:env.metadrive_env:build_env: seed=1267 blocks=SSy density=0.023 lru=0 scenarios=[1267,1268)
[collect_expert] 209/5000 [w3] id=259 term=arrive_dest steps=271 cand=55 stored=55 trainable=49 (0.6s)
INFO:env.metadrive_env:build_env: seed=1212 blocks=SCXRO density=0.050 lru=0 scenarios=[1212,1213)
[collect_expert] 210/5000 [w4] id=204 term=arrive_dest steps=458 cand=92 stored=92 trainable=55 (0.8s)
INFO:env.metadrive_env:build_env: seed=1231 blocks=SSR density=0.035 lru=0 scenarios=[1231,1232)
INFO:env.metadrive_env:build_env: seed=1275 blocks=SCXRO density=0.050 lru=0 scenarios=[1275,1276)
[collect_expert] 211/5000 [w7] id=223 term=arrive_dest steps=510 cand=102 stored=102 trainable=44 (1.5s)
[collect_expert] 212/5000 [w3] id=267 term=arrive_dest steps=239 cand=48 stored=48 trainable=37 (0.3s)
INFO:env.metadrive_env:build_env: seed=1166 blocks=CTS density=0.119 lru=0 scenarios=[1166,1167)
[collect_expert] 213/5000 [w6] id=158 term=arrive_dest steps=467 cand=94 stored=94 trainable=58 (4.4s)
INFO:env.metadrive_env:build_env: seed=1239 blocks=CSSSS density=0.169 lru=0 scenarios=[1239,1240)
[collect_expert] 214/5000 [w7] id=231 term=arrive_dest steps=380 cand=76 stored=76 trainable=70 (0.5s)
INFO:env.metadrive_env:build_env: seed=1154 blocks=CSy density=0.138 lru=0 scenarios=[1154,1155)
[collect_expert] 215/5000 [w2] id=146 term=max_step steps=600 cand=120 stored=120 trainable=93 (10.7s)
INFO:env.metadrive_env:build_env: seed=1220 blocks=CSr density=0.096 lru=0 scenarios=[1220,1221)
[collect_expert] 216/5000 [w4] id=212 term=out_of_road steps=349 cand=70 stored=70 trainable=58 (0.8s)
INFO:env.metadrive_env:build_env: seed=1174 blocks=SSS density=0.029 lru=0 scenarios=[1174,1175)
[collect_expert] 217/5000 [w6] id=166 term=arrive_dest steps=367 cand=74 stored=74 trainable=57 (1.1s)
INFO:env.metadrive_env:build_env: seed=1193 blocks=CS$ density=0.098 lru=0 scenarios=[1193,1194)
[collect_expert] 218/5000 [w1] id=185 term=arrive_dest steps=578 cand=116 stored=116 trainable=94 (3.3s)
INFO:env.metadrive_env:build_env: seed=1205 blocks=CSr density=0.119 lru=0 scenarios=[1205,1206)
[collect_expert] 219/5000 [w5] id=197 term=arrive_dest steps=515 cand=103 stored=103 trainable=51 (2.3s)
INFO:env.metadrive_env:build_env: seed=1182 blocks=SRS density=0.241 lru=0 scenarios=[1182,1183)
[collect_expert] 220/5000 [w6] id=174 term=arrive_dest steps=254 cand=51 stored=51 trainable=45 (0.3s)
INFO:env.metadrive_env:build_env: seed=1283 blocks=CTS density=0.100 lru=0 scenarios=[1283,1284)
[collect_expert] 221/5000 [w3] id=275 term=max_step steps=600 cand=120 stored=120 trainable=73 (2.4s)
INFO:env.metadrive_env:build_env: seed=1201 blocks=SXS density=0.028 lru=0 scenarios=[1201,1202)
[collect_expert] 222/5000 [w1] id=193 term=arrive_dest steps=305 cand=61 stored=61 trainable=35 (1.6s)
INFO:env.metadrive_env:build_env: seed=1228 blocks=STS density=0.025 lru=0 scenarios=[1228,1229)
[collect_expert] 223/5000 [w4] id=220 term=arrive_dest steps=422 cand=85 stored=85 trainable=66 (2.7s)
INFO:env.metadrive_env:build_env: seed=1209 blocks=SCSC density=0.259 lru=0 scenarios=[1209,1210)
[collect_expert] 224/5000 [w1] id=201 term=arrive_dest steps=320 cand=64 stored=64 trainable=48 (0.6s)
INFO:env.metadrive_env:build_env: seed=1328 blocks=CSC density=0.088 lru=0 scenarios=[1328,1329)
[collect_expert] 225/5000 [w0] id=320 term=arrive_dest steps=447 cand=90 stored=90 trainable=77 (4.6s)
INFO:env.metadrive_env:build_env: seed=1236 blocks=SSrS density=0.224 lru=0 scenarios=[1236,1237)
[collect_expert] 226/5000 [w4] id=228 term=arrive_dest steps=291 cand=59 stored=59 trainable=53 (0.6s)
INFO:env.metadrive_env:build_env: seed=1291 blocks=SS$ density=0.043 lru=0 scenarios=[1291,1292)
[collect_expert] 227/5000 [w3] id=283 term=arrive_dest steps=346 cand=70 stored=70 trainable=39 (2.3s)
INFO:env.metadrive_env:build_env: seed=1190 blocks=COS density=0.050 lru=0 scenarios=[1190,1191)
[collect_expert] 228/5000 [w6] id=182 term=collision steps=353 cand=71 stored=71 trainable=58 (3.3s)
INFO:env.metadrive_env:build_env: seed=1162 blocks=SXS density=0.039 lru=0 scenarios=[1162,1163)
[collect_expert] 229/5000 [w2] id=154 term=max_step steps=600 cand=120 stored=120 trainable=64 (4.8s)
INFO:env.metadrive_env:build_env: seed=1213 blocks=STS density=0.041 lru=0 scenarios=[1213,1214)
[collect_expert] 230/5000 [w5] id=205 term=out_of_road steps=454 cand=91 stored=91 trainable=60 (3.8s)
INFO:env.metadrive_env:build_env: seed=1299 blocks=CYS density=0.199 lru=0 scenarios=[1299,1300)
[collect_expert] 231/5000 [w3] id=291 term=arrive_dest steps=236 cand=48 stored=48 trainable=40 (0.7s)
INFO:env.metadrive_env:build_env: seed=1170 blocks=STC density=0.165 lru=0 scenarios=[1170,1171)
[collect_expert] 232/5000 [w2] id=162 term=arrive_dest steps=326 cand=66 stored=66 trainable=44 (0.6s)
INFO:env.metadrive_env:build_env: seed=1247 blocks=CSC density=0.126 lru=0 scenarios=[1247,1248)
[collect_expert] 233/5000 [w7] id=239 term=arrive_dest steps=555 cand=111 stored=111 trainable=84 (5.8s)
INFO:env.metadrive_env:build_env: seed=1221 blocks=SCXRO density=0.050 lru=0 scenarios=[1221,1222)
[collect_expert] 234/5000 [w5] id=213 term=arrive_dest steps=248 cand=50 stored=50 trainable=30 (0.8s)
INFO:env.metadrive_env:build_env: seed=1336 blocks=SS$ density=0.040 lru=0 scenarios=[1336,1337)
[collect_expert] 235/5000 [w0] id=328 term=collision steps=278 cand=56 stored=56 trainable=27 (2.6s)
INFO:env.metadrive_env:build_env: seed=1198 blocks=SYS density=0.033 lru=0 scenarios=[1198,1199)
[collect_expert] 236/5000 [w6] id=190 term=arrive_dest steps=498 cand=100 stored=100 trainable=44 (2.1s)
INFO:env.metadrive_env:build_env: seed=1344 blocks=CSSSS density=0.210 lru=0 scenarios=[1344,1345)
[collect_expert] 237/5000 [w0] id=336 term=arrive_dest steps=237 cand=48 stored=48 trainable=40 (0.7s)
INFO:env.metadrive_env:build_env: seed=1178 blocks=CSC density=0.116 lru=0 scenarios=[1178,1179)
INFO:env.metadrive_env:build_env: seed=1206 blocks=STC density=0.200 lru=0 scenarios=[1206,1207)
[collect_expert] 238/5000 [w2] id=170 term=arrive_dest steps=439 cand=88 stored=88 trainable=53 (2.1s)
[collect_expert] 239/5000 [w6] id=198 term=arrive_dest steps=333 cand=67 stored=67 trainable=57 (0.6s)
INFO:env.metadrive_env:build_env: seed=1229 blocks=CSC density=0.088 lru=0 scenarios=[1229,1230)
[collect_expert] 240/5000 [w5] id=221 term=collision steps=258 cand=52 stored=52 trainable=34 (1.8s)
INFO:env.metadrive_env:build_env: seed=1255 blocks=SSS density=0.036 lru=0 scenarios=[1255,1256)
[collect_expert] 241/5000 [w7] id=247 term=arrive_dest steps=435 cand=87 stored=87 trainable=49 (3.4s)
INFO:env.metadrive_env:build_env: seed=1244 blocks=CS$ density=0.096 lru=0 scenarios=[1244,1245)
[collect_expert] 242/5000 [w4] id=236 term=collision steps=512 cand=103 stored=103 trainable=80 (6.0s)
INFO:env.metadrive_env:build_env: seed=1214 blocks=CSC density=0.140 lru=0 scenarios=[1214,1215)
[collect_expert] 243/5000 [w6] id=206 term=arrive_dest steps=295 cand=59 stored=59 trainable=40 (1.8s)
INFO:env.metadrive_env:build_env: seed=1263 blocks=SOC density=0.050 lru=0 scenarios=[1263,1264)
[collect_expert] 244/5000 [w7] id=255 term=arrive_dest steps=265 cand=53 stored=53 trainable=47 (0.4s)
INFO:env.metadrive_env:build_env: seed=1252 blocks=SSR density=0.052 lru=0 scenarios=[1252,1253)
[collect_expert] 245/5000 [w4] id=244 term=arrive_dest steps=366 cand=74 stored=74 trainable=48 (0.9s)
INFO:env.metadrive_env:build_env: seed=1237 blocks=SSr density=0.026 lru=0 scenarios=[1237,1238)
[collect_expert] 246/5000 [w5] id=229 term=arrive_dest steps=520 cand=104 stored=104 trainable=53 (3.0s)
INFO:env.metadrive_env:build_env: seed=1260 blocks=SyS density=0.171 lru=0 scenarios=[1260,1261)
[collect_expert] 247/5000 [w4] id=252 term=arrive_dest steps=313 cand=63 stored=63 trainable=57 (0.3s)
INFO:env.metadrive_env:build_env: seed=1271 blocks=CSy density=0.101 lru=0 scenarios=[1271,1272)
[collect_expert] 248/5000 [w7] id=263 term=collision steps=327 cand=66 stored=66 trainable=24 (1.5s)
INFO:env.metadrive_env:build_env: seed=1186 blocks=SCS density=0.031 lru=0 scenarios=[1186,1187)
[collect_expert] 249/5000 [w2] id=178 term=arrive_dest steps=492 cand=99 stored=99 trainable=60 (3.7s)
INFO:env.metadrive_env:build_env: seed=1245 blocks=S$S density=0.225 lru=0 scenarios=[1245,1246)
[collect_expert] 250/5000 [w5] id=237 term=arrive_dest steps=378 cand=76 stored=76 trainable=64 (0.5s)
INFO:env.metadrive_env:build_env: seed=1253 blocks=CSr density=0.124 lru=0 scenarios=[1253,1254)
[collect_expert] 251/5000 [w5] id=245 term=collision steps=115 cand=23 stored=23 trainable=15 (0.4s)
INFO:env.metadrive_env:build_env: seed=1194 blocks=S$S density=0.235 lru=0 scenarios=[1194,1195)
[collect_expert] 252/5000 [w2] id=186 term=arrive_dest steps=432 cand=87 stored=87 trainable=60 (1.2s)
INFO:env.metadrive_env:build_env: seed=1307 blocks=CSC density=0.114 lru=0 scenarios=[1307,1308)
[collect_expert] 253/5000 [w3] id=299 term=max_step steps=600 cand=120 stored=120 trainable=85 (7.7s)
INFO:env.metadrive_env:build_env: seed=1279 blocks=SSR density=0.049 lru=0 scenarios=[1279,1280)
[collect_expert] 254/5000 [w7] id=271 term=arrive_dest steps=420 cand=84 stored=84 trainable=52 (1.5s)
INFO:env.metadrive_env:build_env: seed=1268 blocks=CUS density=0.085 lru=0 scenarios=[1268,1269)
[collect_expert] 255/5000 [w4] id=260 term=arrive_dest steps=568 cand=114 stored=114 trainable=107 (2.1s)
INFO:env.metadrive_env:build_env: seed=1352 blocks=CRS density=0.098 lru=0 scenarios=[1352,1353)
[collect_expert] 256/5000 [w0] id=344 term=arrive_dest steps=563 cand=113 stored=113 trainable=94 (6.3s)
INFO:env.metadrive_env:build_env: seed=1261 blocks=SXS density=0.023 lru=0 scenarios=[1261,1262)
[collect_expert] 257/5000 [w5] id=253 term=arrive_dest steps=431 cand=87 stored=87 trainable=69 (1.3s)
INFO:env.metadrive_env:build_env: seed=1269 blocks=SrS density=0.249 lru=0 scenarios=[1269,1270)
[collect_expert] 258/5000 [w5] id=261 term=arrive_dest steps=278 cand=56 stored=56 trainable=39 (0.3s)
INFO:env.metadrive_env:build_env: seed=1217 blocks=CSy density=0.138 lru=0 scenarios=[1217,1218)
[collect_expert] 259/5000 [w1] id=209 term=max_step steps=600 cand=120 stored=120 trainable=97 (11.1s)
INFO:env.metadrive_env:build_env: seed=1202 blocks=CSC density=0.099 lru=0 scenarios=[1202,1203)
[collect_expert] 260/5000 [w2] id=194 term=arrive_dest steps=261 cand=53 stored=53 trainable=33 (1.2s)
INFO:env.metadrive_env:build_env: seed=1287 blocks=SCSC density=0.213 lru=0 scenarios=[1287,1288)
[collect_expert] 261/5000 [w7] id=279 term=arrive_dest steps=390 cand=78 stored=78 trainable=65 (1.2s)
INFO:env.metadrive_env:build_env: seed=1315 blocks=SSy density=0.036 lru=0 scenarios=[1315,1316)
[collect_expert] 262/5000 [w3] id=307 term=arrive_dest steps=430 cand=86 stored=86 trainable=48 (1.5s)
INFO:env.metadrive_env:build_env: seed=1222 blocks=SS$ density=0.043 lru=0 scenarios=[1222,1223)
[collect_expert] 263/5000 [w6] id=214 term=arrive_dest steps=535 cand=107 stored=107 trainable=67 (5.0s)
INFO:env.metadrive_env:build_env: seed=1276 blocks=SYS density=0.030 lru=0 scenarios=[1276,1277)
[collect_expert] 264/5000 [w4] id=268 term=arrive_dest steps=479 cand=96 stored=96 trainable=73 (1.7s)
INFO:env.metadrive_env:build_env: seed=1323 blocks=SCSCS density=0.274 lru=0 scenarios=[1323,1324)
[collect_expert] 265/5000 [w3] id=315 term=arrive_dest steps=239 cand=48 stored=48 trainable=41 (0.2s)
INFO:env.metadrive_env:build_env: seed=1230 blocks=SyS density=0.226 lru=0 scenarios=[1230,1231)
[collect_expert] 266/5000 [w6] id=222 term=arrive_dest steps=247 cand=50 stored=50 trainable=41 (0.4s)
INFO:env.metadrive_env:build_env: seed=1284 blocks=S$S density=0.220 lru=0 scenarios=[1284,1285)
[collect_expert] 267/5000 [w4] id=276 term=arrive_dest steps=259 cand=52 stored=52 trainable=46 (0.5s)
INFO:env.metadrive_env:build_env: seed=1360 blocks=SSR density=0.052 lru=0 scenarios=[1360,1361)
[collect_expert] 268/5000 [w0] id=352 term=out_of_road steps=305 cand=61 stored=61 trainable=40 (2.1s)
INFO:env.metadrive_env:build_env: seed=1225 blocks=SSr density=0.035 lru=0 scenarios=[1225,1226)
[collect_expert] 269/5000 [w1] id=217 term=max_step steps=600 cand=120 stored=120 trainable=74 (2.7s)
INFO:env.metadrive_env:build_env: seed=1368 blocks=STC density=0.186 lru=0 scenarios=[1368,1369)
[collect_expert] 270/5000 [w0] id=360 term=arrive_dest steps=327 cand=66 stored=66 trainable=60 (0.8s)
INFO:env.metadrive_env:build_env: seed=1238 blocks=SSY density=0.082 lru=0 scenarios=[1238,1239)
[collect_expert] 271/5000 [w6] id=230 term=arrive_dest steps=373 cand=75 stored=75 trainable=62 (1.6s)
INFO:env.metadrive_env:build_env: seed=1210 blocks=SXS density=0.023 lru=0 scenarios=[1210,1211)
[collect_expert] 272/5000 [w2] id=202 term=arrive_dest steps=485 cand=97 stored=97 trainable=55 (3.1s)
INFO:env.metadrive_env:build_env: seed=1292 blocks=CRS density=0.105 lru=0 scenarios=[1292,1293)
[collect_expert] 273/5000 [w4] id=284 term=max_step steps=600 cand=120 stored=120 trainable=115 (1.9s)
INFO:env.metadrive_env:build_env: seed=1233 blocks=SCXRO density=0.050 lru=0 scenarios=[1233,1234)
[collect_expert] 274/5000 [w1] id=225 term=arrive_dest steps=376 cand=76 stored=76 trainable=70 (0.8s)
INFO:env.metadrive_env:build_env: seed=1246 blocks=SOS density=0.027 lru=0 scenarios=[1246,1247)
[collect_expert] 275/5000 [w6] id=238 term=arrive_dest steps=274 cand=55 stored=55 trainable=48 (0.9s)
INFO:env.metadrive_env:build_env: seed=1277 blocks=CS$ density=0.093 lru=0 scenarios=[1277,1278)
[collect_expert] 276/5000 [w5] id=269 term=max_step steps=600 cand=120 stored=120 trainable=98 (4.3s)
INFO:env.metadrive_env:build_env: seed=1218 blocks=SRS density=0.225 lru=0 scenarios=[1218,1219)
[collect_expert] 277/5000 [w2] id=210 term=arrive_dest steps=308 cand=62 stored=62 trainable=46 (0.6s)
INFO:env.metadrive_env:build_env: seed=1254 blocks=SUC density=0.212 lru=0 scenarios=[1254,1255)
[collect_expert] 278/5000 [w6] id=246 term=arrive_dest steps=323 cand=65 stored=65 trainable=43 (0.8s)
INFO:env.metadrive_env:build_env: seed=1300 blocks=SUS density=0.034 lru=0 scenarios=[1300,1301)
[collect_expert] 279/5000 [w4] id=292 term=out_of_road steps=260 cand=52 stored=52 trainable=33 (1.8s)
INFO:env.metadrive_env:build_env: seed=1285 blocks=SXS density=0.030 lru=0 scenarios=[1285,1286)
[collect_expert] 280/5000 [w5] id=277 term=arrive_dest steps=458 cand=92 stored=92 trainable=49 (1.4s)
INFO:env.metadrive_env:build_env: seed=1295 blocks=CSy density=0.086 lru=0 scenarios=[1295,1296)
[collect_expert] 281/5000 [w7] id=287 term=max_step steps=600 cand=120 stored=120 trainable=104 (5.4s)
INFO:env.metadrive_env:build_env: seed=1331 blocks=CSC density=0.115 lru=0 scenarios=[1331,1332)
[collect_expert] 282/5000 [w3] id=323 term=max_step steps=600 cand=120 stored=120 trainable=100 (5.0s)
INFO:env.metadrive_env:build_env: seed=1293 blocks=SrS density=0.196 lru=0 scenarios=[1293,1294)
[collect_expert] 283/5000 [w5] id=285 term=arrive_dest steps=302 cand=61 stored=61 trainable=37 (0.4s)
INFO:env.metadrive_env:build_env: seed=1308 blocks=SUC density=0.220 lru=0 scenarios=[1308,1309)
[collect_expert] 284/5000 [w4] id=300 term=arrive_dest steps=273 cand=55 stored=55 trainable=49 (0.6s)
INFO:env.metadrive_env:build_env: seed=1226 blocks=CSC density=0.107 lru=0 scenarios=[1226,1227)
[collect_expert] 285/5000 [w2] id=218 term=arrive_dest steps=566 cand=114 stored=114 trainable=97 (2.7s)
INFO:env.metadrive_env:build_env: seed=1262 blocks=CSy density=0.092 lru=0 scenarios=[1262,1263)
[collect_expert] 286/5000 [w6] id=254 term=collision steps=190 cand=38 stored=38 trainable=32 (1.6s)
INFO:env.metadrive_env:build_env: seed=1241 blocks=SSY density=0.116 lru=0 scenarios=[1241,1242)
[collect_expert] 287/5000 [w1] id=233 term=out_of_road steps=492 cand=99 stored=99 trainable=53 (3.2s)
INFO:env.metadrive_env:build_env: seed=1303 blocks=SSr density=0.035 lru=0 scenarios=[1303,1304)
[collect_expert] 288/5000 [w7] id=295 term=arrive_dest steps=494 cand=99 stored=99 trainable=71 (1.3s)
INFO:env.metadrive_env:build_env: seed=1311 blocks=SRS density=0.177 lru=0 scenarios=[1311,1312)
[collect_expert] 289/5000 [w7] id=303 term=arrive_dest steps=391 cand=79 stored=79 trainable=73 (0.4s)
INFO:env.metadrive_env:build_env: seed=1316 blocks=CTS density=0.093 lru=0 scenarios=[1316,1317)
[collect_expert] 290/5000 [w4] id=308 term=collision steps=154 cand=31 stored=31 trainable=25 (1.1s)
INFO:env.metadrive_env:build_env: seed=1249 blocks=SOS density=0.040 lru=0 scenarios=[1249,1250)
[collect_expert] 291/5000 [w1] id=241 term=arrive_dest steps=300 cand=60 stored=60 trainable=45 (0.7s)
INFO:env.metadrive_env:build_env: seed=1376 blocks=CTS density=0.108 lru=0 scenarios=[1376,1377)
[collect_expert] 292/5000 [w0] id=368 term=arrive_dest steps=544 cand=109 stored=109 trainable=69 (5.2s)
INFO:env.metadrive_env:build_env: seed=1301 blocks=CXS density=0.130 lru=0 scenarios=[1301,1302)
[collect_expert] 293/5000 [w5] id=293 term=arrive_dest steps=533 cand=107 stored=107 trainable=84 (2.0s)
INFO:env.metadrive_env:build_env: seed=1234 blocks=SSy density=0.059 lru=0 scenarios=[1234,1235)
[collect_expert] 294/5000 [w2] id=226 term=arrive_dest steps=433 cand=87 stored=87 trainable=50 (1.3s)
INFO:env.metadrive_env:build_env: seed=1324 blocks=SSS density=0.039 lru=0 scenarios=[1324,1325)
[collect_expert] 295/5000 [w4] id=316 term=arrive_dest steps=328 cand=66 stored=66 trainable=36 (0.7s)
INFO:env.metadrive_env:build_env: seed=1270 blocks=SYS density=0.043 lru=0 scenarios=[1270,1271)
[collect_expert] 296/5000 [w6] id=262 term=arrive_dest steps=380 cand=76 stored=76 trainable=50 (1.6s)
INFO:env.metadrive_env:build_env: seed=1339 blocks=SXS density=0.045 lru=0 scenarios=[1339,1340)
[collect_expert] 297/5000 [w3] id=331 term=arrive_dest steps=464 cand=93 stored=93 trainable=58 (2.6s)
INFO:env.metadrive_env:build_env: seed=1257 blocks=SSSS density=0.221 lru=0 scenarios=[1257,1258)
[collect_expert] 298/5000 [w1] id=249 term=arrive_dest steps=406 cand=82 stored=82 trainable=34 (0.6s)
INFO:env.metadrive_env:build_env: seed=1242 blocks=CYS density=0.169 lru=0 scenarios=[1242,1243)
[collect_expert] 299/5000 [w2] id=234 term=arrive_dest steps=261 cand=53 stored=53 trainable=44 (0.3s)
INFO:env.metadrive_env:build_env: seed=1332 blocks=SRS density=0.166 lru=0 scenarios=[1332,1333)
[collect_expert] 300/5000 [w4] id=324 term=arrive_dest steps=288 cand=58 stored=58 trainable=52 (0.3s)
INFO:env.metadrive_env:build_env: seed=1278 blocks=SyS density=0.167 lru=0 scenarios=[1278,1279)
[collect_expert] 301/5000 [w6] id=270 term=arrive_dest steps=302 cand=61 stored=61 trainable=55 (0.5s)
INFO:env.metadrive_env:build_env: seed=1319 blocks=CSr density=0.104 lru=0 scenarios=[1319,1320)
[collect_expert] 302/5000 [w7] id=311 term=arrive_dest steps=493 cand=99 stored=99 trainable=82 (2.0s)
INFO:env.metadrive_env:build_env: seed=1347 blocks=SSSS density=0.277 lru=0 scenarios=[1347,1348)
[collect_expert] 303/5000 [w3] id=339 term=arrive_dest steps=306 cand=62 stored=62 trainable=55 (0.9s)
INFO:env.metadrive_env:build_env: seed=1384 blocks=SSR density=0.058 lru=0 scenarios=[1384,1385)
[collect_expert] 304/5000 [w0] id=376 term=arrive_dest steps=288 cand=58 stored=58 trainable=34 (1.4s)
INFO:env.metadrive_env:build_env: seed=1286 blocks=CSy density=0.100 lru=0 scenarios=[1286,1287)
[collect_expert] 305/5000 [w6] id=278 term=arrive_dest steps=285 cand=57 stored=57 trainable=47 (0.6s)
INFO:env.metadrive_env:build_env: seed=1309 blocks=SYS density=0.040 lru=0 scenarios=[1309,1310)
[collect_expert] 306/5000 [w5] id=301 term=arrive_dest steps=416 cand=84 stored=84 trainable=45 (1.7s)
INFO:env.metadrive_env:build_env: seed=1250 blocks=CSC density=0.089 lru=0 scenarios=[1250,1251)
[collect_expert] 307/5000 [w2] id=242 term=arrive_dest steps=444 cand=89 stored=89 trainable=43 (1.4s)
INFO:env.metadrive_env:build_env: seed=1340 blocks=CSy density=0.101 lru=0 scenarios=[1340,1341)
[collect_expert] 308/5000 [w4] id=332 term=arrive_dest steps=419 cand=84 stored=84 trainable=54 (1.4s)
INFO:env.metadrive_env:build_env: seed=1265 blocks=CS$ density=0.080 lru=0 scenarios=[1265,1266)
[collect_expert] 309/5000 [w1] id=257 term=arrive_dest steps=430 cand=86 stored=86 trainable=73 (1.9s)
INFO:env.metadrive_env:build_env: seed=1294 blocks=SXS density=0.056 lru=0 scenarios=[1294,1295)
[collect_expert] 310/5000 [w6] id=286 term=arrive_dest steps=361 cand=73 stored=73 trainable=53 (0.7s)
INFO:env.metadrive_env:build_env: seed=1392 blocks=S$S density=0.191 lru=0 scenarios=[1392,1393)
[collect_expert] 311/5000 [w0] id=384 term=arrive_dest steps=411 cand=83 stored=83 trainable=74 (1.2s)
INFO:env.metadrive_env:build_env: seed=1348 blocks=SXS density=0.059 lru=0 scenarios=[1348,1349)
[collect_expert] 312/5000 [w4] id=340 term=arrive_dest steps=307 cand=62 stored=62 trainable=45 (0.7s)
INFO:env.metadrive_env:build_env: seed=1273 blocks=SSr density=0.055 lru=0 scenarios=[1273,1274)
[collect_expert] 313/5000 [w1] id=265 term=arrive_dest steps=289 cand=58 stored=58 trainable=34 (0.5s)
INFO:env.metadrive_env:build_env: seed=1317 blocks=SCXRO density=0.050 lru=0 scenarios=[1317,1318)
[collect_expert] 314/5000 [w5] id=309 term=arrive_dest steps=288 cand=58 stored=58 trainable=52 (0.9s)
INFO:env.metadrive_env:build_env: seed=1302 blocks=SSSS density=0.261 lru=0 scenarios=[1302,1303)
[collect_expert] 315/5000 [w6] id=294 term=arrive_dest steps=324 cand=65 stored=65 trainable=57 (0.6s)
INFO:env.metadrive_env:build_env: seed=1356 blocks=S$S density=0.190 lru=0 scenarios=[1356,1357)
[collect_expert] 316/5000 [w4] id=348 term=arrive_dest steps=266 cand=54 stored=54 trainable=38 (0.6s)
INFO:env.metadrive_env:build_env: seed=1281 blocks=CSSSS density=0.186 lru=0 scenarios=[1281,1282)
[collect_expert] 317/5000 [w1] id=273 term=arrive_dest steps=390 cand=78 stored=78 trainable=72 (0.6s)
INFO:env.metadrive_env:build_env: seed=1258 blocks=SSr density=0.025 lru=0 scenarios=[1258,1259)
[collect_expert] 318/5000 [w2] id=250 term=arrive_dest steps=521 cand=105 stored=105 trainable=61 (1.9s)
INFO:env.metadrive_env:build_env: seed=1327 blocks=SCS density=0.029 lru=0 scenarios=[1327,1328)
[collect_expert] 319/5000 [w7] id=319 term=max_step steps=600 cand=120 stored=120 trainable=104 (2.5s)
INFO:env.metadrive_env:build_env: seed=1325 blocks=CXS density=0.136 lru=0 scenarios=[1325,1326)
[collect_expert] 320/5000 [w5] id=317 term=collision steps=267 cand=54 stored=54 trainable=36 (0.9s)
INFO:env.metadrive_env:build_env: seed=1400 blocks=CSC density=0.090 lru=0 scenarios=[1400,1401)
[collect_expert] 321/5000 [w0] id=392 term=out_of_road steps=197 cand=40 stored=40 trainable=27 (1.3s)
INFO:env.metadrive_env:build_env: seed=1335 blocks=SCSC density=0.248 lru=0 scenarios=[1335,1336)
[collect_expert] 322/5000 [w7] id=327 term=arrive_dest steps=441 cand=89 stored=89 trainable=57 (0.5s)
INFO:env.metadrive_env:build_env: seed=1364 blocks=CSS density=0.125 lru=0 scenarios=[1364,1365)
[collect_expert] 323/5000 [w4] id=356 term=arrive_dest steps=301 cand=61 stored=61 trainable=53 (1.0s)
INFO:env.metadrive_env:build_env: seed=1355 blocks=CSr density=0.121 lru=0 scenarios=[1355,1356)
[collect_expert] 324/5000 [w3] id=347 term=max_step steps=600 cand=120 stored=120 trainable=86 (3.4s)
INFO:env.metadrive_env:build_env: seed=1266 blocks=S$S density=0.277 lru=0 scenarios=[1266,1267)
[collect_expert] 325/5000 [w2] id=258 term=arrive_dest steps=389 cand=78 stored=78 trainable=72 (0.8s)
INFO:env.metadrive_env:build_env: seed=1333 blocks=SSR density=0.039 lru=0 scenarios=[1333,1334)
[collect_expert] 326/5000 [w5] id=325 term=out_of_road steps=275 cand=55 stored=55 trainable=27 (1.2s)
INFO:env.metadrive_env:build_env: seed=1343 blocks=CUS density=0.100 lru=0 scenarios=[1343,1344)
[collect_expert] 327/5000 [w7] id=335 term=collision steps=147 cand=30 stored=30 trainable=18 (0.7s)
INFO:env.metadrive_env:build_env: seed=1341 blocks=S$S density=0.214 lru=0 scenarios=[1341,1342)
[collect_expert] 328/5000 [w5] id=333 term=arrive_dest steps=289 cand=58 stored=58 trainable=52 (0.3s)
INFO:env.metadrive_env:build_env: seed=1274 blocks=CUS density=0.087 lru=0 scenarios=[1274,1275)
[collect_expert] 329/5000 [w2] id=266 term=arrive_dest steps=376 cand=76 stored=76 trainable=60 (1.1s)
INFO:env.metadrive_env:build_env: seed=1372 blocks=SOS density=0.048 lru=0 scenarios=[1372,1373)
[collect_expert] 330/5000 [w4] id=364 term=arrive_dest steps=424 cand=85 stored=85 trainable=56 (1.3s)
INFO:env.metadrive_env:build_env: seed=1351 blocks=SOS density=0.026 lru=0 scenarios=[1351,1352)
[collect_expert] 331/5000 [w7] id=343 term=collision steps=171 cand=35 stored=35 trainable=18 (0.7s)
INFO:env.metadrive_env:build_env: seed=1363 blocks=SSy density=0.028 lru=0 scenarios=[1363,1364)
[collect_expert] 332/5000 [w3] id=355 term=out_of_road steps=436 cand=88 stored=88 trainable=56 (1.8s)
INFO:env.metadrive_env:build_env: seed=1380 blocks=SRS density=0.239 lru=0 scenarios=[1380,1381)
[collect_expert] 333/5000 [w4] id=372 term=arrive_dest steps=316 cand=64 stored=64 trainable=40 (0.5s)
INFO:env.metadrive_env:build_env: seed=1359 blocks=SyS density=0.274 lru=0 scenarios=[1359,1360)
[collect_expert] 334/5000 [w7] id=351 term=arrive_dest steps=359 cand=72 stored=72 trainable=43 (0.5s)
INFO:env.metadrive_env:build_env: seed=1371 blocks=SCXRO density=0.050 lru=0 scenarios=[1371,1372)
[collect_expert] 335/5000 [w3] id=363 term=arrive_dest steps=273 cand=55 stored=55 trainable=48 (0.2s)
INFO:env.metadrive_env:build_env: seed=1282 blocks=STS density=0.022 lru=0 scenarios=[1282,1283)
[collect_expert] 336/5000 [w2] id=274 term=arrive_dest steps=412 cand=83 stored=83 trainable=50 (1.1s)
INFO:env.metadrive_env:build_env: seed=1349 blocks=CS$ density=0.080 lru=0 scenarios=[1349,1350)
[collect_expert] 337/5000 [w5] id=341 term=arrive_dest steps=324 cand=65 stored=65 trainable=52 (1.2s)
INFO:env.metadrive_env:build_env: seed=1289 blocks=COS density=0.050 lru=0 scenarios=[1289,1290)
[collect_expert] 338/5000 [w1] id=281 term=max_step steps=600 cand=120 stored=120 trainable=88 (3.9s)
INFO:env.metadrive_env:build_env: seed=1290 blocks=SRS density=0.262 lru=0 scenarios=[1290,1291)
[collect_expert] 339/5000 [w2] id=282 term=arrive_dest steps=282 cand=57 stored=57 trainable=51 (0.3s)
INFO:env.metadrive_env:build_env: seed=1310 blocks=CSS density=0.136 lru=0 scenarios=[1310,1311)
[collect_expert] 340/5000 [w6] id=302 term=max_step steps=600 cand=120 stored=120 trainable=101 (5.4s)
INFO:env.metadrive_env:build_env: seed=1298 blocks=COS density=0.050 lru=0 scenarios=[1298,1299)
[collect_expert] 341/5000 [w2] id=290 term=collision steps=119 cand=24 stored=24 trainable=18 (0.7s)
INFO:env.metadrive_env:build_env: seed=1357 blocks=SYS density=0.059 lru=0 scenarios=[1357,1358)
[collect_expert] 342/5000 [w5] id=349 term=out_of_road steps=419 cand=84 stored=84 trainable=70 (1.3s)
INFO:env.metadrive_env:build_env: seed=1297 blocks=SXS density=0.038 lru=0 scenarios=[1297,1298)
[collect_expert] 343/5000 [w1] id=289 term=arrive_dest steps=551 cand=111 stored=111 trainable=44 (1.3s)
INFO:env.metadrive_env:build_env: seed=1367 blocks=COS density=0.050 lru=0 scenarios=[1367,1368)
[collect_expert] 344/5000 [w7] id=359 term=collision steps=493 cand=99 stored=99 trainable=87 (2.1s)
INFO:env.metadrive_env:build_env: seed=1379 blocks=CSr density=0.123 lru=0 scenarios=[1379,1380)
INFO:env.metadrive_env:build_env: seed=1388 blocks=CSC density=0.115 lru=0 scenarios=[1388,1389)
[collect_expert] 345/5000 [w4] id=380 term=collision steps=363 cand=73 stored=73 trainable=50 (2.2s)
[collect_expert] 346/5000 [w3] id=371 term=max_step steps=600 cand=120 stored=120 trainable=80 (1.8s)
INFO:env.metadrive_env:build_env: seed=1365 blocks=SSrS density=0.273 lru=0 scenarios=[1365,1366)
[collect_expert] 347/5000 [w5] id=357 term=arrive_dest steps=269 cand=54 stored=54 trainable=45 (0.4s)
INFO:env.metadrive_env:build_env: seed=1305 blocks=SCSCS density=0.180 lru=0 scenarios=[1305,1306)
[collect_expert] 348/5000 [w1] id=297 term=arrive_dest steps=259 cand=52 stored=52 trainable=36 (0.3s)
INFO:env.metadrive_env:build_env: seed=1318 blocks=SSR density=0.054 lru=0 scenarios=[1318,1319)
[collect_expert] 349/5000 [w6] id=310 term=arrive_dest steps=345 cand=69 stored=69 trainable=49 (1.1s)
INFO:env.metadrive_env:build_env: seed=1408 blocks=SSS density=0.039 lru=0 scenarios=[1408,1409)
[collect_expert] 350/5000 [w0] id=400 term=max_step steps=600 cand=120 stored=120 trainable=64 (5.4s)
INFO:env.metadrive_env:build_env: seed=1375 blocks=SUS density=0.022 lru=0 scenarios=[1375,1376)
[collect_expert] 351/5000 [w7] id=367 term=out_of_road steps=247 cand=50 stored=50 trainable=19 (0.6s)
INFO:env.metadrive_env:build_env: seed=1383 blocks=STC density=0.174 lru=0 scenarios=[1383,1384)
[collect_expert] 352/5000 [w7] id=375 term=arrive_dest steps=264 cand=53 stored=53 trainable=38 (0.3s)
INFO:env.metadrive_env:build_env: seed=1326 blocks=CYS density=0.219 lru=0 scenarios=[1326,1327)
[collect_expert] 353/5000 [w6] id=318 term=arrive_dest steps=383 cand=77 stored=77 trainable=71 (0.6s)
INFO:env.metadrive_env:build_env: seed=1416 blocks=SCXRO density=0.050 lru=0 scenarios=[1416,1417)
[collect_expert] 354/5000 [w0] id=408 term=arrive_dest steps=272 cand=55 stored=55 trainable=49 (0.7s)
INFO:env.metadrive_env:build_env: seed=1396 blocks=SXS density=0.023 lru=0 scenarios=[1396,1397)
[collect_expert] 355/5000 [w4] id=388 term=arrive_dest steps=450 cand=90 stored=90 trainable=65 (1.6s)
INFO:env.metadrive_env:build_env: seed=1306 blocks=SUS density=0.051 lru=0 scenarios=[1306,1307)
[collect_expert] 356/5000 [w2] id=298 term=arrive_dest steps=558 cand=112 stored=112 trainable=44 (2.6s)
INFO:env.metadrive_env:build_env: seed=1404 blocks=CYS density=0.254 lru=0 scenarios=[1404,1405)
[collect_expert] 357/5000 [w4] id=396 term=out_of_road steps=184 cand=37 stored=37 trainable=17 (0.3s)
INFO:env.metadrive_env:build_env: seed=1387 blocks=SSS density=0.054 lru=0 scenarios=[1387,1388)
[collect_expert] 358/5000 [w3] id=379 term=out_of_road steps=483 cand=97 stored=97 trainable=64 (2.4s)
INFO:env.metadrive_env:build_env: seed=1314 blocks=STC density=0.207 lru=0 scenarios=[1314,1315)
[collect_expert] 359/5000 [w2] id=306 term=arrive_dest steps=296 cand=60 stored=60 trainable=33 (0.5s)
INFO:env.metadrive_env:build_env: seed=1391 blocks=CRS density=0.088 lru=0 scenarios=[1391,1392)
[collect_expert] 360/5000 [w7] id=383 term=arrive_dest steps=405 cand=81 stored=81 trainable=49 (1.6s)
INFO:env.metadrive_env:build_env: seed=1395 blocks=CSSSS density=0.239 lru=0 scenarios=[1395,1396)
[collect_expert] 361/5000 [w3] id=387 term=arrive_dest steps=258 cand=52 stored=52 trainable=46 (0.3s)
INFO:env.metadrive_env:build_env: seed=1322 blocks=CRS density=0.105 lru=0 scenarios=[1322,1323)
[collect_expert] 362/5000 [w2] id=314 term=collision steps=124 cand=25 stored=25 trainable=19 (0.5s)
INFO:env.metadrive_env:build_env: seed=1424 blocks=CSy density=0.083 lru=0 scenarios=[1424,1425)
[collect_expert] 363/5000 [w0] id=416 term=collision steps=194 cand=39 stored=39 trainable=29 (1.4s)
INFO:env.metadrive_env:build_env: seed=1399 blocks=STS density=0.041 lru=0 scenarios=[1399,1400)
[collect_expert] 364/5000 [w7] id=391 term=out_of_road steps=249 cand=50 stored=50 trainable=34 (0.7s)
INFO:env.metadrive_env:build_env: seed=1313 blocks=SSY density=0.133 lru=0 scenarios=[1313,1314)
[collect_expert] 365/5000 [w1] id=305 term=collision steps=576 cand=116 stored=116 trainable=77 (3.6s)
INFO:env.metadrive_env:build_env: seed=1407 blocks=SSrS density=0.171 lru=0 scenarios=[1407,1408)
[collect_expert] 366/5000 [w7] id=399 term=arrive_dest steps=276 cand=56 stored=56 trainable=39 (0.3s)
INFO:env.metadrive_env:build_env: seed=1321 blocks=SSy density=0.041 lru=0 scenarios=[1321,1322)
[collect_expert] 367/5000 [w1] id=313 term=arrive_dest steps=305 cand=61 stored=61 trainable=48 (0.6s)
INFO:env.metadrive_env:build_env: seed=1432 blocks=STS density=0.039 lru=0 scenarios=[1432,1433)
[collect_expert] 368/5000 [w0] id=424 term=arrive_dest steps=338 cand=68 stored=68 trainable=48 (1.5s)
INFO:env.metadrive_env:build_env: seed=1329 blocks=SSSS density=0.208 lru=0 scenarios=[1329,1330)
[collect_expert] 369/5000 [w1] id=321 term=arrive_dest steps=290 cand=58 stored=58 trainable=48 (0.3s)
INFO:env.metadrive_env:build_env: seed=1403 blocks=CUS density=0.099 lru=0 scenarios=[1403,1404)
[collect_expert] 370/5000 [w3] id=395 term=collision steps=338 cand=68 stored=68 trainable=42 (2.1s)
INFO:env.metadrive_env:build_env: seed=1373 blocks=CS$ density=0.082 lru=0 scenarios=[1373,1374)
[collect_expert] 371/5000 [w5] id=365 term=max_step steps=600 cand=120 stored=120 trainable=93 (5.2s)
INFO:env.metadrive_env:build_env: seed=1330 blocks=SYS density=0.034 lru=0 scenarios=[1330,1331)
[collect_expert] 372/5000 [w2] id=322 term=out_of_road steps=316 cand=64 stored=64 trainable=41 (2.2s)
INFO:env.metadrive_env:build_env: seed=1338 blocks=SRS density=0.264 lru=0 scenarios=[1338,1339)
[collect_expert] 373/5000 [w2] id=330 term=arrive_dest steps=273 cand=55 stored=55 trainable=49 (0.2s)
INFO:env.metadrive_env:build_env: seed=1381 blocks=SXS density=0.060 lru=0 scenarios=[1381,1382)
[collect_expert] 374/5000 [w5] id=373 term=arrive_dest steps=342 cand=69 stored=69 trainable=46 (0.7s)
INFO:env.metadrive_env:build_env: seed=1415 blocks=CSy density=0.131 lru=0 scenarios=[1415,1416)
[collect_expert] 375/5000 [w7] id=407 term=collision steps=453 cand=91 stored=91 trainable=76 (1.9s)
INFO:env.metadrive_env:build_env: seed=1440 blocks=SRS density=0.188 lru=0 scenarios=[1440,1441)
[collect_expert] 376/5000 [w0] id=432 term=arrive_dest steps=325 cand=65 stored=65 trainable=59 (0.9s)
INFO:env.metadrive_env:build_env: seed=1337 blocks=COS density=0.050 lru=0 scenarios=[1337,1338)
[collect_expert] 377/5000 [w1] id=329 term=arrive_dest steps=380 cand=76 stored=76 trainable=70 (1.3s)
INFO:env.metadrive_env:build_env: seed=1389 blocks=SSSS density=0.166 lru=0 scenarios=[1389,1390)
[collect_expert] 378/5000 [w5] id=381 term=arrive_dest steps=264 cand=53 stored=53 trainable=36 (0.4s)
INFO:env.metadrive_env:build_env: seed=1334 blocks=CSr density=0.120 lru=0 scenarios=[1334,1335)
INFO:env.metadrive_env:build_env: seed=1411 blocks=SUS density=0.051 lru=0 scenarios=[1411,1412)
[collect_expert] 379/5000 [w6] id=326 term=max_step steps=600 cand=120 stored=120 trainable=86 (5.7s)
[collect_expert] 380/5000 [w3] id=403 term=arrive_dest steps=409 cand=82 stored=82 trainable=57 (1.4s)
INFO:env.metadrive_env:build_env: seed=1345 blocks=SSR density=0.024 lru=0 scenarios=[1345,1346)
[collect_expert] 381/5000 [w1] id=337 term=collision steps=191 cand=39 stored=39 trainable=23 (0.5s)
INFO:env.metadrive_env:build_env: seed=1412 blocks=CSS density=0.129 lru=0 scenarios=[1412,1413)
[collect_expert] 382/5000 [w4] id=404 term=max_step steps=600 cand=120 stored=120 trainable=100 (5.2s)
INFO:env.metadrive_env:build_env: seed=1353 blocks=S$S density=0.184 lru=0 scenarios=[1353,1354)
[collect_expert] 383/5000 [w1] id=345 term=arrive_dest steps=354 cand=71 stored=71 trainable=65 (0.3s)
INFO:env.metadrive_env:build_env: seed=1419 blocks=SOC density=0.050 lru=0 scenarios=[1419,1420)
[collect_expert] 384/5000 [w3] id=411 term=out_of_road steps=232 cand=47 stored=47 trainable=25 (0.7s)
INFO:env.metadrive_env:build_env: seed=1423 blocks=SCS density=0.053 lru=0 scenarios=[1423,1424)
[collect_expert] 385/5000 [w7] id=415 term=arrive_dest steps=511 cand=103 stored=103 trainable=75 (1.7s)
INFO:env.metadrive_env:build_env: seed=1397 blocks=CSC density=0.084 lru=0 scenarios=[1397,1398)
[collect_expert] 386/5000 [w5] id=389 term=arrive_dest steps=398 cand=80 stored=80 trainable=67 (1.2s)
INFO:env.metadrive_env:build_env: seed=1420 blocks=SUS density=0.057 lru=0 scenarios=[1420,1421)
[collect_expert] 387/5000 [w4] id=412 term=arrive_dest steps=301 cand=61 stored=61 trainable=37 (0.7s)
INFO:env.metadrive_env:build_env: seed=1361 blocks=CUS density=0.087 lru=0 scenarios=[1361,1362)
[collect_expert] 388/5000 [w1] id=353 term=arrive_dest steps=260 cand=52 stored=52 trainable=39 (0.6s)
INFO:env.metadrive_env:build_env: seed=1431 blocks=S$S density=0.223 lru=0 scenarios=[1431,1432)
[collect_expert] 389/5000 [w7] id=423 term=arrive_dest steps=306 cand=62 stored=62 trainable=44 (0.4s)
INFO:env.metadrive_env:build_env: seed=1428 blocks=S$S density=0.222 lru=0 scenarios=[1428,1429)
[collect_expert] 390/5000 [w4] id=420 term=arrive_dest steps=276 cand=56 stored=56 trainable=40 (0.5s)
INFO:env.metadrive_env:build_env: seed=1439 blocks=CUS density=0.110 lru=0 scenarios=[1439,1440)
[collect_expert] 391/5000 [w7] id=431 term=out_of_road steps=105 cand=21 stored=21 trainable=15 (0.3s)
INFO:env.metadrive_env:build_env: seed=1405 blocks=SUS density=0.037 lru=0 scenarios=[1405,1406)
[collect_expert] 392/5000 [w5] id=397 term=arrive_dest steps=324 cand=65 stored=65 trainable=44 (0.6s)
INFO:env.metadrive_env:build_env: seed=1342 blocks=SSr density=0.054 lru=0 scenarios=[1342,1343)
[collect_expert] 393/5000 [w6] id=334 term=out_of_road steps=508 cand=102 stored=102 trainable=72 (2.1s)
INFO:env.metadrive_env:build_env: seed=1346 blocks=CSy density=0.098 lru=0 scenarios=[1346,1347)
[collect_expert] 394/5000 [w2] id=338 term=arrive_dest steps=455 cand=91 stored=91 trainable=79 (3.4s)
INFO:env.metadrive_env:build_env: seed=1369 blocks=SUS density=0.044 lru=0 scenarios=[1369,1370)
INFO:env.metadrive_env:build_env: seed=1427 blocks=CTS density=0.126 lru=0 scenarios=[1427,1428)
[collect_expert] 395/5000 [w1] id=361 term=arrive_dest steps=384 cand=77 stored=77 trainable=38 (1.0s)
[collect_expert] 396/5000 [w3] id=419 term=arrive_dest steps=490 cand=98 stored=98 trainable=42 (1.6s)
INFO:env.metadrive_env:build_env: seed=1436 blocks=SSY density=0.128 lru=0 scenarios=[1436,1437)
[collect_expert] 397/5000 [w4] id=428 term=collision steps=175 cand=35 stored=35 trainable=25 (0.6s)
INFO:env.metadrive_env:build_env: seed=1350 blocks=SyS density=0.219 lru=0 scenarios=[1350,1351)
[collect_expert] 398/5000 [w6] id=342 term=arrive_dest steps=379 cand=76 stored=76 trainable=70 (0.5s)
INFO:env.metadrive_env:build_env: seed=1354 blocks=SSr density=0.042 lru=0 scenarios=[1354,1355)
[collect_expert] 399/5000 [w2] id=346 term=arrive_dest steps=249 cand=50 stored=50 trainable=38 (0.5s)
INFO:env.metadrive_env:build_env: seed=1413 blocks=SOC density=0.050 lru=0 scenarios=[1413,1414)
INFO:env.metadrive_env:build_env: seed=1377 blocks=STC density=0.178 lru=0 scenarios=[1377,1378)
[collect_expert] 400/5000 [w5] id=405 term=arrive_dest steps=291 cand=59 stored=59 trainable=36 (0.9s)
[collect_expert] 401/5000 [w1] id=369 term=arrive_dest steps=310 cand=62 stored=62 trainable=42 (0.4s)
INFO:env.metadrive_env:build_env: seed=1444 blocks=SSS density=0.047 lru=0 scenarios=[1444,1445)
[collect_expert] 402/5000 [w4] id=436 term=arrive_dest steps=239 cand=48 stored=48 trainable=42 (0.4s)
INFO:env.metadrive_env:build_env: seed=1362 blocks=SUC density=0.258 lru=0 scenarios=[1362,1363)
[collect_expert] 403/5000 [w2] id=354 term=arrive_dest steps=373 cand=75 stored=75 trainable=69 (0.4s)
INFO:env.metadrive_env:build_env: seed=1452 blocks=SyS density=0.192 lru=0 scenarios=[1452,1453)
[collect_expert] 404/5000 [w4] id=444 term=arrive_dest steps=250 cand=50 stored=50 trainable=44 (0.2s)
INFO:env.metadrive_env:build_env: seed=1447 blocks=SXS density=0.024 lru=0 scenarios=[1447,1448)
[collect_expert] 405/5000 [w7] id=439 term=arrive_dest steps=433 cand=87 stored=87 trainable=52 (1.6s)
INFO:env.metadrive_env:build_env: seed=1435 blocks=SSR density=0.060 lru=0 scenarios=[1435,1436)
[collect_expert] 406/5000 [w3] id=427 term=arrive_dest steps=422 cand=85 stored=85 trainable=49 (1.5s)
INFO:env.metadrive_env:build_env: seed=1460 blocks=CS$ density=0.121 lru=0 scenarios=[1460,1461)
[collect_expert] 407/5000 [w4] id=452 term=collision steps=161 cand=33 stored=33 trainable=25 (0.5s)
INFO:env.metadrive_env:build_env: seed=1448 blocks=CXS density=0.106 lru=0 scenarios=[1448,1449)
[collect_expert] 408/5000 [w0] id=440 term=arrive_dest steps=540 cand=108 stored=108 trainable=88 (5.0s)
INFO:env.metadrive_env:build_env: seed=1455 blocks=SrS density=0.225 lru=0 scenarios=[1455,1456)
[collect_expert] 409/5000 [w7] id=447 term=arrive_dest steps=295 cand=59 stored=59 trainable=48 (0.6s)
INFO:env.metadrive_env:build_env: seed=1358 blocks=CXS density=0.081 lru=0 scenarios=[1358,1359)
[collect_expert] 410/5000 [w6] id=350 term=collision steps=596 cand=120 stored=120 trainable=113 (1.8s)
INFO:env.metadrive_env:build_env: seed=1370 blocks=CXS density=0.119 lru=0 scenarios=[1370,1371)
[collect_expert] 411/5000 [w2] id=362 term=collision steps=174 cand=35 stored=35 trainable=27 (1.1s)
INFO:env.metadrive_env:build_env: seed=1443 blocks=SOC density=0.050 lru=0 scenarios=[1443,1444)
[collect_expert] 412/5000 [w3] id=435 term=arrive_dest steps=336 cand=68 stored=68 trainable=62 (0.4s)
INFO:env.metadrive_env:build_env: seed=1456 blocks=SCS density=0.039 lru=0 scenarios=[1456,1457)
[collect_expert] 413/5000 [w0] id=448 term=collision steps=167 cand=34 stored=34 trainable=19 (0.6s)
INFO:env.metadrive_env:build_env: seed=1468 blocks=SSR density=0.053 lru=0 scenarios=[1468,1469)
[collect_expert] 414/5000 [w4] id=460 term=arrive_dest steps=383 cand=77 stored=77 trainable=49 (0.9s)
INFO:env.metadrive_env:build_env: seed=1366 blocks=SCS density=0.041 lru=0 scenarios=[1366,1367)
[collect_expert] 415/5000 [w6] id=358 term=arrive_dest steps=300 cand=60 stored=60 trainable=48 (0.7s)
INFO:env.metadrive_env:build_env: seed=1421 blocks=SSY density=0.084 lru=0 scenarios=[1421,1422)
[collect_expert] 416/5000 [w5] id=413 term=arrive_dest steps=415 cand=83 stored=83 trainable=51 (2.1s)
INFO:env.metadrive_env:build_env: seed=1385 blocks=COS density=0.050 lru=0 scenarios=[1385,1386)
[collect_expert] 417/5000 [w1] id=377 term=arrive_dest steps=527 cand=106 stored=106 trainable=60 (2.5s)
INFO:env.metadrive_env:build_env: seed=1451 blocks=CSr density=0.101 lru=0 scenarios=[1451,1452)
[collect_expert] 418/5000 [w3] id=443 term=arrive_dest steps=368 cand=74 stored=74 trainable=41 (0.9s)
INFO:env.metadrive_env:build_env: seed=1374 blocks=SCXRO density=0.050 lru=0 scenarios=[1374,1375)
INFO:env.metadrive_env:build_env: seed=1464 blocks=CSSSS density=0.198 lru=0 scenarios=[1464,1465)
[collect_expert] 419/5000 [w6] id=366 term=arrive_dest steps=352 cand=71 stored=71 trainable=51 (0.4s)
[collect_expert] 420/5000 [w0] id=456 term=arrive_dest steps=314 cand=63 stored=63 trainable=39 (0.6s)
INFO:env.metadrive_env:build_env: seed=1476 blocks=SCSC density=0.226 lru=0 scenarios=[1476,1477)
[collect_expert] 421/5000 [w4] id=468 term=arrive_dest steps=379 cand=76 stored=76 trainable=70 (0.6s)
INFO:env.metadrive_env:build_env: seed=1463 blocks=CSS density=0.119 lru=0 scenarios=[1463,1464)
[collect_expert] 422/5000 [w7] id=455 term=collision steps=249 cand=50 stored=50 trainable=35 (1.5s)
INFO:env.metadrive_env:build_env: seed=1378 blocks=SUS density=0.021 lru=0 scenarios=[1378,1379)
[collect_expert] 423/5000 [w2] id=370 term=arrive_dest steps=403 cand=81 stored=81 trainable=48 (1.4s)
INFO:env.metadrive_env:build_env: seed=1429 blocks=STS density=0.024 lru=0 scenarios=[1429,1430)
[collect_expert] 424/5000 [w5] id=421 term=arrive_dest steps=282 cand=57 stored=57 trainable=51 (1.0s)
INFO:env.metadrive_env:build_env: seed=1393 blocks=SUS density=0.035 lru=0 scenarios=[1393,1394)
[collect_expert] 425/5000 [w1] id=385 term=arrive_dest steps=466 cand=94 stored=94 trainable=48 (1.2s)
INFO:env.metadrive_env:build_env: seed=1386 blocks=S$S density=0.265 lru=0 scenarios=[1386,1387)
[collect_expert] 426/5000 [w2] id=378 term=arrive_dest steps=281 cand=57 stored=57 trainable=51 (0.7s)
INFO:env.metadrive_env:build_env: seed=1401 blocks=CYS density=0.248 lru=0 scenarios=[1401,1402)
[collect_expert] 427/5000 [w1] id=393 term=arrive_dest steps=302 cand=61 stored=61 trainable=33 (0.4s)
